Archive member included to satisfy reference by file (symbol)

/home/administrator/snap/code/219/.local/share/stm32cube/bundles/gnu-tools-for-stm32/14.3.1+st.2/bin/../lib/gcc/arm-none-eabi/14.3.1/thumb/v7e-m+fp/hard/libgcc.a(_arm_addsubdf3.o)
                              CMakeFiles/Lab04.dir/Core/Src/main.c.obj (__aeabi_f2d)
/home/administrator/snap/code/219/.local/share/stm32cube/bundles/gnu-tools-for-stm32/14.3.1+st.2/bin/../lib/gcc/arm-none-eabi/14.3.1/../../../../arm-none-eabi/lib/thumb/v7e-m+fp/hard/libg_nano.a(libc_a-exit.o)
                              /home/administrator/snap/code/219/.local/share/stm32cube/bundles/gnu-tools-for-stm32/14.3.1+st.2/bin/../lib/gcc/arm-none-eabi/14.3.1/../../../../arm-none-eabi/lib/thumb/v7e-m+fp/hard/crt0.o (exit)
/home/administrator/snap/code/219/.local/share/stm32cube/bundles/gnu-tools-for-stm32/14.3.1+st.2/bin/../lib/gcc/arm-none-eabi/14.3.1/../../../../arm-none-eabi/lib/thumb/v7e-m+fp/hard/libg_nano.a(libc_a-nano-vfprintf_float.o)
                              (_printf_float)
/home/administrator/snap/code/219/.local/share/stm32cube/bundles/gnu-tools-for-stm32/14.3.1+st.2/bin/../lib/gcc/arm-none-eabi/14.3.1/../../../../arm-none-eabi/lib/thumb/v7e-m+fp/hard/libg_nano.a(libc_a-nano-vfprintf_i.o)
                              /home/administrator/snap/code/219/.local/share/stm32cube/bundles/gnu-tools-for-stm32/14.3.1+st.2/bin/../lib/gcc/arm-none-eabi/14.3.1/../../../../arm-none-eabi/lib/thumb/v7e-m+fp/hard/libg_nano.a(libc_a-nano-vfprintf_float.o) (_printf_common)
/home/administrator/snap/code/219/.local/share/stm32cube/bundles/gnu-tools-for-stm32/14.3.1+st.2/bin/../lib/gcc/arm-none-eabi/14.3.1/../../../../arm-none-eabi/lib/thumb/v7e-m+fp/hard/libg_nano.a(libc_a-findfp.o)
                              /home/administrator/snap/code/219/.local/share/stm32cube/bundles/gnu-tools-for-stm32/14.3.1+st.2/bin/../lib/gcc/arm-none-eabi/14.3.1/../../../../arm-none-eabi/lib/thumb/v7e-m+fp/hard/libg_nano.a(libc_a-exit.o) (__stdio_exit_handler)
/home/administrator/snap/code/219/.local/share/stm32cube/bundles/gnu-tools-for-stm32/14.3.1+st.2/bin/../lib/gcc/arm-none-eabi/14.3.1/../../../../arm-none-eabi/lib/thumb/v7e-m+fp/hard/libg_nano.a(libc_a-fwalk.o)
                              /home/administrator/snap/code/219/.local/share/stm32cube/bundles/gnu-tools-for-stm32/14.3.1+st.2/bin/../lib/gcc/arm-none-eabi/14.3.1/../../../../arm-none-eabi/lib/thumb/v7e-m+fp/hard/libg_nano.a(libc_a-findfp.o) (_fwalk_sglue)
/home/administrator/snap/code/219/.local/share/stm32cube/bundles/gnu-tools-for-stm32/14.3.1+st.2/bin/../lib/gcc/arm-none-eabi/14.3.1/../../../../arm-none-eabi/lib/thumb/v7e-m+fp/hard/libg_nano.a(libc_a-sprintf.o)
                              CMakeFiles/Lab04.dir/Core/Src/main.c.obj (sprintf)
/home/administrator/snap/code/219/.local/share/stm32cube/bundles/gnu-tools-for-stm32/14.3.1+st.2/bin/../lib/gcc/arm-none-eabi/14.3.1/../../../../arm-none-eabi/lib/thumb/v7e-m+fp/hard/libg_nano.a(libc_a-stdio.o)
                              /home/administrator/snap/code/219/.local/share/stm32cube/bundles/gnu-tools-for-stm32/14.3.1+st.2/bin/../lib/gcc/arm-none-eabi/14.3.1/../../../../arm-none-eabi/lib/thumb/v7e-m+fp/hard/libg_nano.a(libc_a-findfp.o) (__sread)
/home/administrator/snap/code/219/.local/share/stm32cube/bundles/gnu-tools-for-stm32/14.3.1+st.2/bin/../lib/gcc/arm-none-eabi/14.3.1/../../../../arm-none-eabi/lib/thumb/v7e-m+fp/hard/libg_nano.a(libc_a-memset.o)
                              /home/administrator/snap/code/219/.local/share/stm32cube/bundles/gnu-tools-for-stm32/14.3.1+st.2/bin/../lib/gcc/arm-none-eabi/14.3.1/../../../../arm-none-eabi/lib/thumb/v7e-m+fp/hard/crt0.o (memset)
/home/administrator/snap/code/219/.local/share/stm32cube/bundles/gnu-tools-for-stm32/14.3.1+st.2/bin/../lib/gcc/arm-none-eabi/14.3.1/../../../../arm-none-eabi/lib/thumb/v7e-m+fp/hard/libg_nano.a(libc_a-localeconv.o)
                              /home/administrator/snap/code/219/.local/share/stm32cube/bundles/gnu-tools-for-stm32/14.3.1+st.2/bin/../lib/gcc/arm-none-eabi/14.3.1/../../../../arm-none-eabi/lib/thumb/v7e-m+fp/hard/libg_nano.a(libc_a-nano-vfprintf_float.o) (_localeconv_r)
/home/administrator/snap/code/219/.local/share/stm32cube/bundles/gnu-tools-for-stm32/14.3.1+st.2/bin/../lib/gcc/arm-none-eabi/14.3.1/../../../../arm-none-eabi/lib/thumb/v7e-m+fp/hard/libg_nano.a(libc_a-closer.o)
                              /home/administrator/snap/code/219/.local/share/stm32cube/bundles/gnu-tools-for-stm32/14.3.1+st.2/bin/../lib/gcc/arm-none-eabi/14.3.1/../../../../arm-none-eabi/lib/thumb/v7e-m+fp/hard/libg_nano.a(libc_a-stdio.o) (_close_r)
/home/administrator/snap/code/219/.local/share/stm32cube/bundles/gnu-tools-for-stm32/14.3.1+st.2/bin/../lib/gcc/arm-none-eabi/14.3.1/../../../../arm-none-eabi/lib/thumb/v7e-m+fp/hard/libg_nano.a(libc_a-reent.o)
[...]
Memory Configuration

Name             Origin             Length             Attributes
RAM              0x20000000         0x0000a000         xrw
CCMRAM           0x10000000         0x00002000         xrw
FLASH            0x08000000         0x00040000         xr
*default*        0x00000000         0xffffffff

Linker script and memory map

LOAD /home/administrator/snap/code/219/.local/share/stm32cube/bundles/gnu-tools-for-stm32/14.3.1+st.2/bin/../lib/gcc/arm-none-eabi/14.3.1/thumb/v7e-m+fp/hard/crti.o
LOAD /home/administrator/snap/code/219/.local/share/stm32cube/bundles/gnu-tools-for-stm32/14.3.1+st.2/bin/../lib/gcc/arm-none-eabi/14.3.1/thumb/v7e-m+fp/hard/crtbegin.o
LOAD /home/administrator/snap/code/219/.local/share/stm32cube/bundles/gnu-tools-for-stm32/14.3.1+st.2/bin/../lib/gcc/arm-none-eabi/14.3.1/../../../../arm-none-eabi/lib/thumb/v7e-m+fp/hard/crt0.o
LOAD cmake/stm32cubemx/CMakeFiles/STM32_Drivers.dir/__/__/Core/Src/system_stm32f3xx.c.obj
LOAD cmake/stm32cubemx/CMakeFiles/STM32_Drivers.dir/__/__/Drivers/STM32F3xx_HAL_Driver/Src/stm32f3xx_ll_usb.c.obj
LOAD cmake/stm32cubemx/CMakeFiles/STM32_Drivers.dir/__/__/Drivers/STM32F3xx_HAL_Driver/Src/stm32f3xx_hal_i2c.c.obj
LOAD cmake/stm32cubemx/CMakeFiles/STM32_Drivers.dir/__/__/Drivers/STM32F3xx_HAL_Driver/Src/stm32f3xx_hal_i2c_ex.c.obj
LOAD cmake/stm32cubemx/CMakeFiles/STM32_Drivers.dir/__/__/Drivers/STM32F3xx_HAL_Driver/Src/stm32f3xx_hal.c.obj
LOAD cmake/stm32cubemx/CMakeFiles/STM32_Drivers.dir/__/__/Drivers/STM32F3xx_HAL_Driver/Src/stm32f3xx_hal_rcc.c.obj
LOAD cmake/stm32cubemx/CMakeFiles/STM32_Drivers.dir/__/__/Drivers/STM32F3xx_HAL_Driver/Src/stm32f3xx_hal_rcc_ex.c.obj
LOAD cmake/stm32cubemx/CMakeFiles/STM32_Drivers.dir/__/__/Drivers/STM32F3xx_HAL_Driver/Src/stm32f3xx_hal_gpio.c.obj
LOAD cmake/stm32cubemx/CMakeFiles/STM32_Drivers.dir/__/__/Drivers/STM32F3xx_HAL_Driver/Src/stm32f3xx_hal_dma.c.obj
LOAD cmake/stm32cubemx/CMakeFiles/STM32_Drivers.dir/__/__/Drivers/STM32F3xx_HAL_Driver/Src/stm32f3xx_hal_cortex.c.obj
LOAD cmake/stm32cubemx/CMakeFiles/STM32_Drivers.dir/__/__/Drivers/STM32F3xx_HAL_Driver/Src/stm32f3xx_hal_pwr.c.obj
LOAD cmake/stm32cubemx/CMakeFiles/STM32_Drivers.dir/__/__/Drivers/STM32F3xx_HAL_Driver/Src/stm32f3xx_hal_pwr_ex.c.obj
LOAD cmake/stm32cubemx/CMakeFiles/STM32_Drivers.dir/__/__/Drivers/STM32F3xx_HAL_Driver/Src/stm32f3xx_hal_flash.c.obj
LOAD cmake/stm32cubemx/CMakeFiles/STM32_Drivers.dir/__/__/Drivers/STM32F3xx_HAL_Driver/Src/stm32f3xx_hal_flash_ex.c.obj
LOAD cmake/stm32cubemx/CMakeFiles/STM32_Drivers.dir/__/__/Drivers/STM32F3xx_HAL_Driver/Src/stm32f3xx_hal_exti.c.obj
LOAD cmake/stm32cubemx/CMakeFiles/STM32_Drivers.dir/__/__/Drivers/STM32F3xx_HAL_Driver/Src/stm32f3xx_hal_spi.c.obj
LOAD cmake/stm32cubemx/CMakeFiles/STM32_Drivers.dir/__/__/Drivers/STM32F3xx_HAL_Driver/Src/stm32f3xx_hal_spi_ex.c.obj
LOAD cmake/stm32cubemx/CMakeFiles/STM32_Drivers.dir/__/__/Drivers/STM32F3xx_HAL_Driver/Src/stm32f3xx_hal_tim.c.obj
LOAD cmake/stm32cubemx/CMakeFiles/STM32_Drivers.dir/__/__/Drivers/STM32F3xx_HAL_Driver/Src/stm32f3xx_hal_tim_ex.c.obj
LOAD cmake/stm32cubemx/CMakeFiles/STM32_Drivers.dir/__/__/Drivers/STM32F3xx_HAL_Driver/Src/stm32f3xx_hal_uart.c.obj
LOAD cmake/stm32cubemx/CMakeFiles/STM32_Drivers.dir/__/__/Drivers/STM32F3xx_HAL_Driver/Src/stm32f3xx_hal_uart_ex.c.obj
LOAD cmake/stm32cubemx/CMakeFiles/STM32_Drivers.dir/__/__/Drivers/STM32F3xx_HAL_Driver/Src/stm32f3xx_hal_pcd.c.obj
LOAD cmake/stm32cubemx/CMakeFiles/STM32_Drivers.dir/__/__/Drivers/STM32F3xx_HAL_Driver/Src/stm32f3xx_hal_pcd_ex.c.obj
LOAD CMakeFiles/Lab04.dir/Core/Src/main.c.obj
LOAD CMakeFiles/Lab04.dir/Core/Src/stm32f3xx_it.c.obj
LOAD CMakeFiles/Lab04.dir/Core/Src/stm32f3xx_hal_msp.c.obj
LOAD CMakeFiles/Lab04.dir/Core/Src/sysmem.c.obj
LOAD CMakeFiles/Lab04.dir/Core/Src/syscalls.c.obj
LOAD CMakeFiles/Lab04.dir/startup_stm32f303xc.s.obj
LOAD /home/administrator/snap/code/219/.local/share/stm32cube/bundles/gnu-tools-for-stm32/14.3.1+st.2/bin/../lib/gcc/arm-none-eabi/14.3.1/../../../../arm-none-eabi/lib/thumb/v7e-m+fp/hard/libm.a
START GROUP
LOAD /home/administrator/snap/code/219/.local/share/stm32cube/bundles/gnu-tools-for-stm32/14.3.1+st.2/bin/../lib/gcc/arm-none-eabi/14.3.1/thumb/v7e-m+fp/hard/libgcc.a
LOAD /home/administrator/snap/code/219/.local/share/stm32cube/bundles/gnu-tools-for-stm32/14.3.1+st.2/bin/../lib/gcc/arm-none-eabi/14.3.1/../../../../arm-none-eabi/lib/thumb/v7e-m+fp/hard/libg_nano.a
LOAD /home/administrator/snap/code/219/.local/share/stm32cube/bundles/gnu-tools-for-stm32/14.3.1+st.2/bin/../lib/gcc/arm-none-eabi/14.3.1/../../../../arm-none-eabi/lib/thumb/v7e-m+fp/hard/libc_nano.a
END GROUP
START GROUP
LOAD /home/administrator/snap/code/219/.local/share/stm32cube/bundles/gnu-tools-for-stm32/14.3.1+st.2/bin/../lib/gcc/arm-none-eabi/14.3.1/thumb/v7e-m+fp/hard/libgcc.a
LOAD /home/administrator/snap/code/219/.local/share/stm32cube/bundles/gnu-tools-for-stm32/14.3.1+st.2/bin/../lib/gcc/arm-none-eabi/14.3.1/../../../../arm-none-eabi/lib/thumb/v7e-m+fp/hard/libc_nano.a
END GROUP
LOAD /home/administrator/snap/code/219/.local/share/stm32cube/bundles/gnu-tools-for-stm32/14.3.1+st.2/bin/../lib/gcc/arm-none-eabi/14.3.1/thumb/v7e-m+fp/hard/crtend.o
LOAD /home/administrator/snap/code/219/.local/share/stm32cube/bundles/gnu-tools-for-stm32/14.3.1+st.2/bin/../lib/gcc/arm-none-eabi/14.3.1/thumb/v7e-m+fp/hard/crtn.o
                0x2000a000                        _estack = (ORIGIN (RAM) + LENGTH (RAM))
                0x00000200                        _Min_Heap_Size = 0x200
                0x00000400                        _Min_Stack_Size = 0x400

.isr_vector     0x08000000      0x188
                0x08000000                        . = ALIGN (0x4)
 *(.isr_vector)
 .isr_vector    0x08000000      0x188 CMakeFiles/Lab04.dir/startup_stm32f303xc.s.obj
                0x08000000                g_pfnVectors
                0x08000188                        . = ALIGN (0x4)

.text           0x08000190     0x81b4
                0x08000190                        . = ALIGN (0x4)
 *(.text)
 .text          0x08000190       0x40 /home/administrator/snap/code/219/.local/share/stm32cube/bundles/gnu-tools-for-stm32/14.3.1+st.2/bin/../lib/gcc/arm-none-eabi/14.3.1/thumb/v7e-m+fp/hard/crtbegin.o
 .text          0x080001d0      0x378 /home/administrator/snap/code/219/.local/share/stm32cube/bundles/gnu-tools-for-stm32/14.3.1+st.2/bin/../lib/gcc/arm-none-eabi/14.3.1/thumb/v7e-m+fp/hard/libgcc.a(_arm_addsubdf3.o)
                0x080001d0                __aeabi_drsub
                0x080001d8                __aeabi_dsub
                0x080001d8                __subdf3
                0x080001dc                __adddf3
                0x080001dc                __aeabi_dadd
                0x08000454                __aeabi_ui2d
                0x08000454                __floatunsidf
                0x08000474                __floatsidf
                0x08000474                __aeabi_i2d
                0x08000498                __extendsfdf2
                0x08000498                __aeabi_f2d
                0x080004dc                __aeabi_ul2d
                0x080004dc                __floatundidf
                0x080004ec                __floatdidf
                0x080004ec                __aeabi_l2d
 *fill*         0x08000548        0x8 
 .text          0x08000550       0xa0 /home/administrator/snap/code/219/.local/share/stm32cube/bundles/gnu-tools-for-stm32/14.3.1+st.2/bin/../lib/gcc/arm-none-eabi/14.3.1/../../../../arm-none-eabi/lib/thumb/v7e-m+fp/hard/libg_nano.a(libc_a-memchr.o)
                0x08000550                memchr
 .text          0x080005f0       0x10 /home/administrator/snap/code/219/.local/share/stm32cube/bundles/gnu-tools-for-stm32/14.3.1+st.2/bin/../lib/gcc/arm-none-eabi/14.3.1/../../../../arm-none-eabi/lib/thumb/v7e-m+fp/hard/libg_nano.a(libc_a-strlen.o)
                0x080005f0                strlen
 .text          0x08000600      0x424 /home/administrator/snap/code/219/.local/share/stm32cube/bundles/gnu-tools-for-stm32/14.3.1+st.2/bin/../lib/gcc/arm-none-eabi/14.3.1/thumb/v7e-m+fp/hard/libgcc.a(_arm_muldivdf3.o)
                0x08000600                __aeabi_dmul
                0x08000600                __muldf3
                0x08000854                __aeabi_ddiv
                0x08000854                __divdf3
 .text          0x08000a24      0x110 /home/administrator/snap/code/219/.local/share/stm32cube/bundles/gnu-tools-for-stm32/14.3.1+st.2/bin/../lib/gcc/arm-none-eabi/14.3.1/thumb/v7e-m+fp/hard/libgcc.a(_arm_cmpdf2.o)
                0x08000a24                __gtdf2
                0x08000a24                __gedf2
                0x08000a2c                __ltdf2
                0x08000a2c                __ledf2
                0x08000a34                __cmpdf2
                0x08000a34                __eqdf2
                0x08000a34                __nedf2
                0x08000ab0                __aeabi_cdrcmple
                0x08000ac0                __aeabi_cdcmple
                0x08000ac0                __aeabi_cdcmpeq
                0x08000ad0                __aeabi_dcmpeq
                0x08000ae4                __aeabi_dcmplt
                0x08000af8                __aeabi_dcmple
                0x08000b0c                __aeabi_dcmpge
                0x08000b20                __aeabi_dcmpgt
 .text          0x08000b34       0x2c /home/administrator/snap/code/219/.local/share/stm32cube/bundles/gnu-tools-for-stm32/14.3.1+st.2/bin/../lib/gcc/arm-none-eabi/14.3.1/thumb/v7e-m+fp/hard/libgcc.a(_arm_unorddf2.o)
                0x08000b34                __aeabi_dcmpun
                0x08000b34                __unorddf2
 .text          0x08000b60       0x50 /home/administrator/snap/code/219/.local/share/stm32cube/bundles/gnu-tools-for-stm32/14.3.1+st.2/bin/../lib/gcc/arm-none-eabi/14.3.1/thumb/v7e-m+fp/hard/libgcc.a(_arm_fixdfsi.o)
                0x08000b60                __fixdfsi
                0x08000b60                __aeabi_d2iz
 *(.text*)
 .text.SystemInit
                0x08000bb0       0x24 cmake/stm32cubemx/CMakeFiles/STM32_Drivers.dir/__/__/Core/Src/system_stm32f3xx.c.obj
                0x08000bb0                SystemInit
 .text.USB_DisableGlobalInt
                0x08000bd4       0x36 cmake/stm32cubemx/CMakeFiles/STM32_Drivers.dir/__/__/Drivers/STM32F3xx_HAL_Driver/Src/stm32f3xx_ll_usb.c.obj
                0x08000bd4                USB_DisableGlobalInt
 .text.USB_DevInit
                0x08000c0a       0x3c cmake/stm32cubemx/CMakeFiles/STM32_Drivers.dir/__/__/Drivers/STM32F3xx_HAL_Driver/Src/stm32f3xx_ll_usb.c.obj
                0x08000c0a                USB_DevInit
 .text.HAL_I2C_Init
                0x08000c46      0x136 cmake/stm32cubemx/CMakeFiles/STM32_Drivers.dir/__/__/Drivers/STM32F3xx_HAL_Driver/Src/stm32f3xx_hal_i2c.c.obj
                0x08000c46                HAL_I2C_Init
 .text.HAL_I2CEx_ConfigAnalogFilter
                0x08000d7c       0x96 cmake/stm32cubemx/CMakeFiles/STM32_Drivers.dir/__/__/Drivers/STM32F3xx_HAL_Driver/Src/stm32f3xx_hal_i2c_ex.c.obj
                0x08000d7c                HAL_I2CEx_ConfigAnalogFilter
 .text.HAL_I2CEx_ConfigDigitalFilter
                0x08000e12       0x98 cmake/stm32cubemx/CMakeFiles/STM32_Drivers.dir/__/__/Drivers/STM32F3xx_HAL_Driver/Src/stm32f3xx_hal_i2c_ex.c.obj
                0x08000e12                HAL_I2CEx_ConfigDigitalFilter
 *fill*         0x08000eaa        0x2 
 .text.HAL_Init
                0x08000eac       0x2c cmake/stm32cubemx/CMakeFiles/STM32_Drivers.dir/__/__/Drivers/STM32F3xx_HAL_Driver/Src/stm32f3xx_hal.c.obj
                0x08000eac                HAL_Init
 .text.HAL_InitTick
                0x08000ed8       0x60 cmake/stm32cubemx/CMakeFiles/STM32_Drivers.dir/__/__/Drivers/STM32F3xx_HAL_Driver/Src/stm32f3xx_hal.c.obj
                0x08000ed8                HAL_InitTick
 .text.HAL_IncTick
                0x08000f38       0x28 cmake/stm32cubemx/CMakeFiles/STM32_Drivers.dir/__/__/Drivers/STM32F3xx_HAL_Driver/Src/stm32f3xx_hal.c.obj
                0x08000f38                HAL_IncTick
 .text.HAL_GetTick
                0x08000f60       0x18 cmake/stm32cubemx/CMakeFiles/STM32_Drivers.dir/__/__/Drivers/STM32F3xx_HAL_Driver/Src/stm32f3xx_hal.c.obj
                0x08000f60                HAL_GetTick
 .text.HAL_RCC_OscConfig
                0x08000f78     0x101c cmake/stm32cubemx/CMakeFiles/STM32_Drivers.dir/__/__/Drivers/STM32F3xx_HAL_Driver/Src/stm32f3xx_hal_rcc.c.obj
                0x08000f78                HAL_RCC_OscConfig
 .text.HAL_RCC_ClockConfig
                0x08001f94      0x2dc cmake/stm32cubemx/CMakeFiles/STM32_Drivers.dir/__/__/Drivers/STM32F3xx_HAL_Driver/Src/stm32f3xx_hal_rcc.c.obj
                0x08001f94                HAL_RCC_ClockConfig
 .text.HAL_RCC_GetSysClockFreq
                0x08002270       0xa8 cmake/stm32cubemx/CMakeFiles/STM32_Drivers.dir/__/__/Drivers/STM32F3xx_HAL_Driver/Src/stm32f3xx_hal_rcc.c.obj
                0x08002270                HAL_RCC_GetSysClockFreq
 .text.HAL_RCC_GetHCLKFreq
                0x08002318       0x18 cmake/stm32cubemx/CMakeFiles/STM32_Drivers.dir/__/__/Drivers/STM32F3xx_HAL_Driver/Src/stm32f3xx_hal_rcc.c.obj
                0x08002318                HAL_RCC_GetHCLKFreq
 .text.HAL_RCC_GetPCLK1Freq
                0x08002330       0x44 cmake/stm32cubemx/CMakeFiles/STM32_Drivers.dir/__/__/Drivers/STM32F3xx_HAL_Driver/Src/stm32f3xx_hal_rcc.c.obj
                0x08002330                HAL_RCC_GetPCLK1Freq
 .text.HAL_RCC_GetPCLK2Freq
                0x08002374       0x44 cmake/stm32cubemx/CMakeFiles/STM32_Drivers.dir/__/__/Drivers/STM32F3xx_HAL_Driver/Src/stm32f3xx_hal_rcc.c.obj
                0x08002374                HAL_RCC_GetPCLK2Freq
 .text.HAL_RCCEx_PeriphCLKConfig
                0x080023b8      0x35c cmake/stm32cubemx/CMakeFiles/STM32_Drivers.dir/__/__/Drivers/STM32F3xx_HAL_Driver/Src/stm32f3xx_hal_rcc_ex.c.obj
                0x080023b8                HAL_RCCEx_PeriphCLKConfig
 .text.HAL_GPIO_Init
                0x08002714      0x2f4 cmake/stm32cubemx/CMakeFiles/STM32_Drivers.dir/__/__/Drivers/STM32F3xx_HAL_Driver/Src/stm32f3xx_hal_gpio.c.obj
                0x08002714                HAL_GPIO_Init
 .text.HAL_GPIO_WritePin
                0x08002a08       0x30 cmake/stm32cubemx/CMakeFiles/STM32_Drivers.dir/__/__/Drivers/STM32F3xx_HAL_Driver/Src/stm32f3xx_hal_gpio.c.obj
                0x08002a08                HAL_GPIO_WritePin
 .text.HAL_GPIO_TogglePin
                0x08002a38       0x34 cmake/stm32cubemx/CMakeFiles/STM32_Drivers.dir/__/__/Drivers/STM32F3xx_HAL_Driver/Src/stm32f3xx_hal_gpio.c.obj
                0x08002a38                HAL_GPIO_TogglePin
 .text.__NVIC_SetPriorityGrouping
                0x08002a6c       0x48 cmake/stm32cubemx/CMakeFiles/STM32_Drivers.dir/__/__/Drivers/STM32F3xx_HAL_Driver/Src/stm32f3xx_hal_cortex.c.obj
 .text.__NVIC_GetPriorityGrouping
                0x08002ab4       0x1c cmake/stm32cubemx/CMakeFiles/STM32_Drivers.dir/__/__/Drivers/STM32F3xx_HAL_Driver/Src/stm32f3xx_hal_cortex.c.obj
 .text.__NVIC_EnableIRQ
                0x08002ad0       0x3c cmake/stm32cubemx/CMakeFiles/STM32_Drivers.dir/__/__/Drivers/STM32F3xx_HAL_Driver/Src/stm32f3xx_hal_cortex.c.obj
 .text.__NVIC_SetPriority
                0x08002b0c       0x54 cmake/stm32cubemx/CMakeFiles/STM32_Drivers.dir/__/__/Drivers/STM32F3xx_HAL_Driver/Src/stm32f3xx_hal_cortex.c.obj
 .text.NVIC_EncodePriority
                0x08002b60       0x66 cmake/stm32cubemx/CMakeFiles/STM32_Drivers.dir/__/__/Drivers/STM32F3xx_HAL_Driver/Src/stm32f3xx_hal_cortex.c.obj
 *fill*         0x08002bc6        0x2 
 .text.SysTick_Config
                0x08002bc8       0x44 cmake/stm32cubemx/CMakeFiles/STM32_Drivers.dir/__/__/Drivers/STM32F3xx_HAL_Driver/Src/stm32f3xx_hal_cortex.c.obj
 .text.HAL_NVIC_SetPriorityGrouping
                0x08002c0c       0x16 cmake/stm32cubemx/CMakeFiles/STM32_Drivers.dir/__/__/Drivers/STM32F3xx_HAL_Driver/Src/stm32f3xx_hal_cortex.c.obj
                0x08002c0c                HAL_NVIC_SetPriorityGrouping
 .text.HAL_NVIC_SetPriority
                0x08002c22       0x38 cmake/stm32cubemx/CMakeFiles/STM32_Drivers.dir/__/__/Drivers/STM32F3xx_HAL_Driver/Src/stm32f3xx_hal_cortex.c.obj
                0x08002c22                HAL_NVIC_SetPriority
 .text.HAL_NVIC_EnableIRQ
                0x08002c5a       0x1c cmake/stm32cubemx/CMakeFiles/STM32_Drivers.dir/__/__/Drivers/STM32F3xx_HAL_Driver/Src/stm32f3xx_hal_cortex.c.obj
                0x08002c5a                HAL_NVIC_EnableIRQ
 .text.HAL_SYSTICK_Config
                0x08002c76       0x18 cmake/stm32cubemx/CMakeFiles/STM32_Drivers.dir/__/__/Drivers/STM32F3xx_HAL_Driver/Src/stm32f3xx_hal_cortex.c.obj
                0x08002c76                HAL_SYSTICK_Config
 .text.HAL_SPI_Init
                0x08002c8e      0x156 cmake/stm32cubemx/CMakeFiles/STM32_Drivers.dir/__/__/Drivers/STM32F3xx_HAL_Driver/Src/stm32f3xx_hal_spi.c.obj
                0x08002c8e                HAL_SPI_Init
 .text.HAL_TIM_Base_Init
                0x08002de4       0xae cmake/stm32cubemx/CMakeFiles/STM32_Drivers.dir/__/__/Drivers/STM32F3xx_HAL_Driver/Src/stm32f3xx_hal_tim.c.obj
                0x08002de4                HAL_TIM_Base_Init
 *fill*         0x08002e92        0x2 
 .text.HAL_TIM_Base_Start
                0x08002e94       0xc4 cmake/stm32cubemx/CMakeFiles/STM32_Drivers.dir/__/__/Drivers/STM32F3xx_HAL_Driver/Src/stm32f3xx_hal_tim.c.obj
                0x08002e94                HAL_TIM_Base_Start
 .text.HAL_TIM_Base_Start_IT
                0x08002f58       0xd4 cmake/stm32cubemx/CMakeFiles/STM32_Drivers.dir/__/__/Drivers/STM32F3xx_HAL_Driver/Src/stm32f3xx_hal_tim.c.obj
                0x08002f58                HAL_TIM_Base_Start_IT
 .text.HAL_TIM_IC_Init
                0x0800302c       0xae cmake/stm32cubemx/CMakeFiles/STM32_Drivers.dir/__/__/Drivers/STM32F3xx_HAL_Driver/Src/stm32f3xx_hal_tim.c.obj
                0x0800302c                HAL_TIM_IC_Init
 *fill*         0x080030da        0x2 
 .text.HAL_TIM_IC_Start_IT
                0x080030dc      0x284 cmake/stm32cubemx/CMakeFiles/STM32_Drivers.dir/__/__/Drivers/STM32F3xx_HAL_Driver/Src/stm32f3xx_hal_tim.c.obj
                0x080030dc                HAL_TIM_IC_Start_IT
 .text.HAL_TIM_IRQHandler
                0x08003360      0x204 cmake/stm32cubemx/CMakeFiles/STM32_Drivers.dir/__/__/Drivers/STM32F3xx_HAL_Driver/Src/stm32f3xx_hal_tim.c.obj
                0x08003360                HAL_TIM_IRQHandler
 .text.HAL_TIM_IC_ConfigChannel
                0x08003564      0x138 cmake/stm32cubemx/CMakeFiles/STM32_Drivers.dir/__/__/Drivers/STM32F3xx_HAL_Driver/Src/stm32f3xx_hal_tim.c.obj
                0x08003564                HAL_TIM_IC_ConfigChannel
 .text.HAL_TIM_ConfigClockSource
                0x0800369c      0x192 cmake/stm32cubemx/CMakeFiles/STM32_Drivers.dir/__/__/Drivers/STM32F3xx_HAL_Driver/Src/stm32f3xx_hal_tim.c.obj
                0x0800369c                HAL_TIM_ConfigClockSource
 *fill*         0x0800382e        0x2 
 .text.HAL_TIM_ReadCapturedValue
                0x08003830       0x88 cmake/stm32cubemx/CMakeFiles/STM32_Drivers.dir/__/__/Drivers/STM32F3xx_HAL_Driver/Src/stm32f3xx_hal_tim.c.obj
                0x08003830                HAL_TIM_ReadCapturedValue
 .text.HAL_TIM_OC_DelayElapsedCallback
                0x080038b8       0x14 cmake/stm32cubemx/CMakeFiles/STM32_Drivers.dir/__/__/Drivers/STM32F3xx_HAL_Driver/Src/stm32f3xx_hal_tim.c.obj
                0x080038b8                HAL_TIM_OC_DelayElapsedCallback
 .text.HAL_TIM_PWM_PulseFinishedCallback
                0x080038cc       0x14 cmake/stm32cubemx/CMakeFiles/STM32_Drivers.dir/__/__/Drivers/STM32F3xx_HAL_Driver/Src/stm32f3xx_hal_tim.c.obj
                0x080038cc                HAL_TIM_PWM_PulseFinishedCallback
 .text.HAL_TIM_TriggerCallback
                0x080038e0       0x14 cmake/stm32cubemx/CMakeFiles/STM32_Drivers.dir/__/__/Drivers/STM32F3xx_HAL_Driver/Src/stm32f3xx_hal_tim.c.obj
                0x080038e0                HAL_TIM_TriggerCallback
 .text.TIM_Base_SetConfig
                0x080038f4      0x138 cmake/stm32cubemx/CMakeFiles/STM32_Drivers.dir/__/__/Drivers/STM32F3xx_HAL_Driver/Src/stm32f3xx_hal_tim.c.obj
                0x080038f4                TIM_Base_SetConfig
 .text.TIM_TI1_SetConfig
                0x08003a2c       0xd0 cmake/stm32cubemx/CMakeFiles/STM32_Drivers.dir/__/__/Drivers/STM32F3xx_HAL_Driver/Src/stm32f3xx_hal_tim.c.obj
                0x08003a2c                TIM_TI1_SetConfig
 .text.TIM_TI1_ConfigInputStage
                0x08003afc       0x5e cmake/stm32cubemx/CMakeFiles/STM32_Drivers.dir/__/__/Drivers/STM32F3xx_HAL_Driver/Src/stm32f3xx_hal_tim.c.obj
 .text.TIM_TI2_SetConfig
                0x08003b5a       0x7a cmake/stm32cubemx/CMakeFiles/STM32_Drivers.dir/__/__/Drivers/STM32F3xx_HAL_Driver/Src/stm32f3xx_hal_tim.c.obj
 .text.TIM_TI2_ConfigInputStage
                0x08003bd4       0x60 cmake/stm32cubemx/CMakeFiles/STM32_Drivers.dir/__/__/Drivers/STM32F3xx_HAL_Driver/Src/stm32f3xx_hal_tim.c.obj
 .text.TIM_TI3_SetConfig
                0x08003c34       0x78 cmake/stm32cubemx/CMakeFiles/STM32_Drivers.dir/__/__/Drivers/STM32F3xx_HAL_Driver/Src/stm32f3xx_hal_tim.c.obj
 .text.TIM_TI4_SetConfig
                0x08003cac       0x7a cmake/stm32cubemx/CMakeFiles/STM32_Drivers.dir/__/__/Drivers/STM32F3xx_HAL_Driver/Src/stm32f3xx_hal_tim.c.obj
 .text.TIM_ITRx_SetConfig
                0x08003d26       0x36 cmake/stm32cubemx/CMakeFiles/STM32_Drivers.dir/__/__/Drivers/STM32F3xx_HAL_Driver/Src/stm32f3xx_hal_tim.c.obj
 .text.TIM_ETR_SetConfig
                0x08003d5c       0x40 cmake/stm32cubemx/CMakeFiles/STM32_Drivers.dir/__/__/Drivers/STM32F3xx_HAL_Driver/Src/stm32f3xx_hal_tim.c.obj
                0x08003d5c                TIM_ETR_SetConfig
 .text.TIM_CCxChannelCmd
                0x08003d9c       0x4a cmake/stm32cubemx/CMakeFiles/STM32_Drivers.dir/__/__/Drivers/STM32F3xx_HAL_Driver/Src/stm32f3xx_hal_tim.c.obj
                0x08003d9c                TIM_CCxChannelCmd
 *fill*         0x08003de6        0x2 
 .text.HAL_TIMEx_MasterConfigSynchronization
                0x08003de8      0x100 cmake/stm32cubemx/CMakeFiles/STM32_Drivers.dir/__/__/Drivers/STM32F3xx_HAL_Driver/Src/stm32f3xx_hal_tim_ex.c.obj
                0x08003de8                HAL_TIMEx_MasterConfigSynchronization
 .text.HAL_TIMEx_CommutCallback
                0x08003ee8       0x14 cmake/stm32cubemx/CMakeFiles/STM32_Drivers.dir/__/__/Drivers/STM32F3xx_HAL_Driver/Src/stm32f3xx_hal_tim_ex.c.obj
                0x08003ee8                HAL_TIMEx_CommutCallback
 .text.HAL_TIMEx_BreakCallback
                0x08003efc       0x14 cmake/stm32cubemx/CMakeFiles/STM32_Drivers.dir/__/__/Drivers/STM32F3xx_HAL_Driver/Src/stm32f3xx_hal_tim_ex.c.obj
                0x08003efc                HAL_TIMEx_BreakCallback
 .text.HAL_TIMEx_Break2Callback
                0x08003f10       0x14 cmake/stm32cubemx/CMakeFiles/STM32_Drivers.dir/__/__/Drivers/STM32F3xx_HAL_Driver/Src/stm32f3xx_hal_tim_ex.c.obj
                0x08003f10                HAL_TIMEx_Break2Callback
 .text.HAL_UART_Init
                0x08003f24       0x9c cmake/stm32cubemx/CMakeFiles/STM32_Drivers.dir/__/__/Drivers/STM32F3xx_HAL_Driver/Src/stm32f3xx_hal_uart.c.obj
                0x08003f24                HAL_UART_Init
 .text.HAL_UART_Transmit
                0x08003fc0      0x112 cmake/stm32cubemx/CMakeFiles/STM32_Drivers.dir/__/__/Drivers/STM32F3xx_HAL_Driver/Src/stm32f3xx_hal_uart.c.obj
                0x08003fc0                HAL_UART_Transmit
 *fill*         0x080040d2        0x2 
 .text.UART_SetConfig
                0x080040d4      0x3a8 cmake/stm32cubemx/CMakeFiles/STM32_Drivers.dir/__/__/Drivers/STM32F3xx_HAL_Driver/Src/stm32f3xx_hal_uart.c.obj
                0x080040d4                UART_SetConfig
 .text.UART_AdvFeatureConfig
                0x0800447c      0x144 cmake/stm32cubemx/CMakeFiles/STM32_Drivers.dir/__/__/Drivers/STM32F3xx_HAL_Driver/Src/stm32f3xx_hal_uart.c.obj
                0x0800447c                UART_AdvFeatureConfig
 .text.UART_CheckIdleState
                0x080045c0      0x150 cmake/stm32cubemx/CMakeFiles/STM32_Drivers.dir/__/__/Drivers/STM32F3xx_HAL_Driver/Src/stm32f3xx_hal_uart.c.obj
                0x080045c0                UART_CheckIdleState
 .text.UART_WaitOnFlagUntilTimeout
                0x08004710       0xda cmake/stm32cubemx/CMakeFiles/STM32_Drivers.dir/__/__/Drivers/STM32F3xx_HAL_Driver/Src/stm32f3xx_hal_uart.c.obj
                0x08004710                UART_WaitOnFlagUntilTimeout
 .text.UART_EndRxTransfer
                0x080047ea       0xc8 cmake/stm32cubemx/CMakeFiles/STM32_Drivers.dir/__/__/Drivers/STM32F3xx_HAL_Driver/Src/stm32f3xx_hal_uart.c.obj
 .text.HAL_PCD_Init
                0x080048b2      0x18e cmake/stm32cubemx/CMakeFiles/STM32_Drivers.dir/__/__/Drivers/STM32F3xx_HAL_Driver/Src/stm32f3xx_hal_pcd.c.obj
                0x080048b2                HAL_PCD_Init
 .text.main     0x08004a40       0xcc CMakeFiles/Lab04.dir/Core/Src/main.c.obj
                0x08004a40                main
 .text.SystemClock_Config
                0x08004b0c       0xc8 CMakeFiles/Lab04.dir/Core/Src/main.c.obj
                0x08004b0c                SystemClock_Config
 .text.MX_I2C1_Init
                0x08004bd4       0x80 CMakeFiles/Lab04.dir/Core/Src/main.c.obj
 .text.MX_SPI1_Init
                0x08004c54       0x7c CMakeFiles/Lab04.dir/Core/Src/main.c.obj
 .text.HAL_TIM_PeriodElapsedCallback
                0x08004cd0       0x94 CMakeFiles/Lab04.dir/Core/Src/main.c.obj
                0x08004cd0                HAL_TIM_PeriodElapsedCallback
 .text.HAL_TIM_IC_CaptureCallback
                0x08004d64       0x70 CMakeFiles/Lab04.dir/Core/Src/main.c.obj
                0x08004d64                HAL_TIM_IC_CaptureCallback
 .text.MX_TIM2_Init
                0x08004dd4       0x9c CMakeFiles/Lab04.dir/Core/Src/main.c.obj
 .text.MX_TIM3_Init
                0x08004e70       0xa8 CMakeFiles/Lab04.dir/Core/Src/main.c.obj
 .text.MX_USART2_UART_Init
                0x08004f18       0x60 CMakeFiles/Lab04.dir/Core/Src/main.c.obj
 .text.MX_USB_PCD_Init
                0x08004f78       0x44 CMakeFiles/Lab04.dir/Core/Src/main.c.obj
 .text.MX_GPIO_Init
                0x08004fbc       0xfc CMakeFiles/Lab04.dir/Core/Src/main.c.obj
 .text.Error_Handler
                0x080050b8        0xc CMakeFiles/Lab04.dir/Core/Src/main.c.obj
                0x080050b8                Error_Handler
 .text.NMI_Handler
                0x080050c4        0x8 CMakeFiles/Lab04.dir/Core/Src/stm32f3xx_it.c.obj
                0x080050c4                NMI_Handler
 .text.HardFault_Handler
                0x080050cc        0x8 CMakeFiles/Lab04.dir/Core/Src/stm32f3xx_it.c.obj
                0x080050cc                HardFault_Handler
 .text.MemManage_Handler
                0x080050d4        0x8 CMakeFiles/Lab04.dir/Core/Src/stm32f3xx_it.c.obj
                0x080050d4                MemManage_Handler
 .text.BusFault_Handler
                0x080050dc        0x8 CMakeFiles/Lab04.dir/Core/Src/stm32f3xx_it.c.obj
                0x080050dc                BusFault_Handler
 .text.UsageFault_Handler
                0x080050e4        0x8 CMakeFiles/Lab04.dir/Core/Src/stm32f3xx_it.c.obj
                0x080050e4                UsageFault_Handler
 .text.SVC_Handler
                0x080050ec        0xe CMakeFiles/Lab04.dir/Core/Src/stm32f3xx_it.c.obj
                0x080050ec                SVC_Handler
 .text.DebugMon_Handler
                0x080050fa        0xe CMakeFiles/Lab04.dir/Core/Src/stm32f3xx_it.c.obj
                0x080050fa                DebugMon_Handler
 .text.PendSV_Handler
                0x08005108        0xe CMakeFiles/Lab04.dir/Core/Src/stm32f3xx_it.c.obj
                0x08005108                PendSV_Handler
 .text.SysTick_Handler
                0x08005116        0xc CMakeFiles/Lab04.dir/Core/Src/stm32f3xx_it.c.obj
                0x08005116                SysTick_Handler
 *fill*         0x08005122        0x2 
 .text.TIM2_IRQHandler
                0x08005124       0x14 CMakeFiles/Lab04.dir/Core/Src/stm32f3xx_it.c.obj
                0x08005124                TIM2_IRQHandler
 .text.TIM3_IRQHandler
                0x08005138       0x14 CMakeFiles/Lab04.dir/Core/Src/stm32f3xx_it.c.obj
                0x08005138                TIM3_IRQHandler
 .text.HAL_MspInit
                0x0800514c       0x48 CMakeFiles/Lab04.dir/Core/Src/stm32f3xx_hal_msp.c.obj
                0x0800514c                HAL_MspInit
 .text.HAL_I2C_MspInit
                0x08005194       0x88 CMakeFiles/Lab04.dir/Core/Src/stm32f3xx_hal_msp.c.obj
                0x08005194                HAL_I2C_MspInit
 .text.HAL_SPI_MspInit
                0x0800521c       0x84 CMakeFiles/Lab04.dir/Core/Src/stm32f3xx_hal_msp.c.obj
                0x0800521c                HAL_SPI_MspInit
 .text.HAL_TIM_Base_MspInit
                0x080052a0       0x48 CMakeFiles/Lab04.dir/Core/Src/stm32f3xx_hal_msp.c.obj
                0x080052a0                HAL_TIM_Base_MspInit
 .text.HAL_TIM_IC_MspInit
                0x080052e8       0x98 CMakeFiles/Lab04.dir/Core/Src/stm32f3xx_hal_msp.c.obj
                0x080052e8                HAL_TIM_IC_MspInit
 .text.HAL_UART_MspInit
                0x08005380       0x84 CMakeFiles/Lab04.dir/Core/Src/stm32f3xx_hal_msp.c.obj
                0x08005380                HAL_UART_MspInit
 .text.HAL_PCD_MspInit
                0x08005404       0x88 CMakeFiles/Lab04.dir/Core/Src/stm32f3xx_hal_msp.c.obj
                0x08005404                HAL_PCD_MspInit
 .text._sbrk    0x0800548c       0x6c CMakeFiles/Lab04.dir/Core/Src/sysmem.c.obj
                0x0800548c                _sbrk
 .text._getpid  0x080054f8       0x10 CMakeFiles/Lab04.dir/Core/Src/syscalls.c.obj
                0x080054f8                _getpid
 .text._kill    0x08005508       0x20 CMakeFiles/Lab04.dir/Core/Src/syscalls.c.obj
                0x08005508                _kill
 .text._exit    0x08005528       0x16 CMakeFiles/Lab04.dir/Core/Src/syscalls.c.obj
                0x08005528                _exit
 .text._read    0x0800553e       0x3a CMakeFiles/Lab04.dir/Core/Src/syscalls.c.obj
                0x0800553e                _read
 .text._write   0x08005578       0x38 CMakeFiles/Lab04.dir/Core/Src/syscalls.c.obj
                0x08005578                _write
 .text._close   0x080055b0       0x18 CMakeFiles/Lab04.dir/Core/Src/syscalls.c.obj
                0x080055b0                _close
 .text._fstat   0x080055c8       0x20 CMakeFiles/Lab04.dir/Core/Src/syscalls.c.obj
                0x080055c8                _fstat
 .text._isatty  0x080055e8       0x16 CMakeFiles/Lab04.dir/Core/Src/syscalls.c.obj
                0x080055e8                _isatty
 .text._lseek   0x080055fe       0x1a CMakeFiles/Lab04.dir/Core/Src/syscalls.c.obj
                0x080055fe                _lseek
 .text.Reset_Handler
                0x08005618       0x50 CMakeFiles/Lab04.dir/startup_stm32f303xc.s.obj
                0x08005618                Reset_Handler
 .text.Default_Handler
                0x08005668        0x2 CMakeFiles/Lab04.dir/startup_stm32f303xc.s.obj
                0x08005668                RTC_Alarm_IRQHandler
                0x08005668                TIM8_TRG_COM_IRQHandler
                0x08005668                TIM8_CC_IRQHandler
                0x08005668                TIM1_CC_IRQHandler
                0x08005668                USB_HP_IRQHandler
                0x08005668                PVD_IRQHandler
                0x08005668                TAMP_STAMP_IRQHandler
                0x08005668                EXTI3_IRQHandler
                0x08005668                USB_HP_CAN_TX_IRQHandler
                0x08005668                EXTI0_IRQHandler
                0x08005668                I2C2_EV_IRQHandler
                0x08005668                FPU_IRQHandler
                0x08005668                TIM1_UP_TIM16_IRQHandler
                0x08005668                ADC1_2_IRQHandler
                0x08005668                SPI1_IRQHandler
                0x08005668                CAN_SCE_IRQHandler
                0x08005668                TIM6_DAC_IRQHandler
                0x08005668                TIM8_UP_IRQHandler
                0x08005668                DMA2_Channel2_IRQHandler
                0x08005668                DMA1_Channel4_IRQHandler
                0x08005668                USART3_IRQHandler
                0x08005668                DMA1_Channel7_IRQHandler
                0x08005668                UART5_IRQHandler
                0x08005668                ADC3_IRQHandler
                0x08005668                TIM4_IRQHandler
                0x08005668                CAN_RX1_IRQHandler
                0x08005668                DMA2_Channel1_IRQHandler
                0x08005668                I2C1_EV_IRQHandler
                0x08005668                DMA1_Channel6_IRQHandler
                0x08005668                UART4_IRQHandler
                0x08005668                DMA2_Channel4_IRQHandler
                0x08005668                RCC_IRQHandler
                0x08005668                DMA1_Channel1_IRQHandler
                0x08005668                Default_Handler
                0x08005668                USBWakeUp_RMP_IRQHandler
                0x08005668                EXTI15_10_IRQHandler
                0x08005668                TIM7_IRQHandler
                0x08005668                EXTI9_5_IRQHandler
                0x08005668                RTC_WKUP_IRQHandler
                0x08005668                SPI2_IRQHandler
                0x08005668                USB_LP_CAN_RX0_IRQHandler
                0x08005668                DMA2_Channel5_IRQHandler
                0x08005668                DMA1_Channel5_IRQHandler
                0x08005668                USB_LP_IRQHandler
                0x08005668                EXTI4_IRQHandler
                0x08005668                TIM1_TRG_COM_TIM17_IRQHandler
                0x08005668                DMA1_Channel3_IRQHandler
                0x08005668                ADC4_IRQHandler
                0x08005668                WWDG_IRQHandler
                0x08005668                COMP7_IRQHandler
                0x08005668                COMP1_2_3_IRQHandler
                0x08005668                EXTI1_IRQHandler
                0x08005668                USART2_IRQHandler
                0x08005668                COMP4_5_6_IRQHandler
                0x08005668                I2C2_ER_IRQHandler
                0x08005668                DMA1_Channel2_IRQHandler
                0x08005668                TIM8_BRK_IRQHandler
                0x08005668                FLASH_IRQHandler
                0x08005668                USART1_IRQHandler
                0x08005668                SPI3_IRQHandler
                0x08005668                I2C1_ER_IRQHandler
                0x08005668                USBWakeUp_IRQHandler
                0x08005668                DMA2_Channel3_IRQHandler
                0x08005668                EXTI2_TSC_IRQHandler
                0x08005668                TIM1_BRK_TIM15_IRQHandler
 .text.__cvt    0x0800566a       0xca /home/administrator/snap/code/219/.local/share/stm32cube/bundles/gnu-tools-for-stm32/14.3.1+st.2/bin/../lib/gcc/arm-none-eabi/14.3.1/../../../../arm-none-eabi/lib/thumb/v7e-m+fp/hard/libg_nano.a(libc_a-nano-vfprintf_float.o)
                0x0800566a                __cvt
 .text.__exponent
                0x08005734       0x74 /home/administrator/snap/code/219/.local/share/stm32cube/bundles/gnu-tools-for-stm32/14.3.1+st.2/bin/../lib/gcc/arm-none-eabi/14.3.1/../../../../arm-none-eabi/lib/thumb/v7e-m+fp/hard/libg_nano.a(libc_a-nano-vfprintf_float.o)
                0x08005734                __exponent
 .text._printf_float
                0x080057a8      0x450 /home/administrator/snap/code/219/.local/share/stm32cube/bundles/gnu-tools-for-stm32/14.3.1+st.2/bin/../lib/gcc/arm-none-eabi/14.3.1/../../../../arm-none-eabi/lib/thumb/v7e-m+fp/hard/libg_nano.a(libc_a-nano-vfprintf_float.o)
                0x080057a8                _printf_float
 .text._printf_common
                0x08005bf8       0xda /home/administrator/snap/code/219/.local/share/stm32cube/bundles/gnu-tools-for-stm32/14.3.1+st.2/bin/../lib/gcc/arm-none-eabi/14.3.1/../../../../arm-none-eabi/lib/thumb/v7e-m+fp/hard/libg_nano.a(libc_a-nano-vfprintf_i.o)
                0x08005bf8                _printf_common
 *fill*         0x08005cd2        0x2 
 .text._printf_i
                0x08005cd4      0x24c /home/administrator/snap/code/219/.local/share/stm32cube/bundles/gnu-tools-for-stm32/14.3.1+st.2/bin/../lib/gcc/arm-none-eabi/14.3.1/../../../../arm-none-eabi/lib/thumb/v7e-m+fp/hard/libg_nano.a(libc_a-nano-vfprintf_i.o)
                0x08005cd4                _printf_i
 .text.std      0x08005f20       0x6c /home/administrator/snap/code/219/.local/share/stm32cube/bundles/gnu-tools-for-stm32/14.3.1+st.2/bin/../lib/gcc/arm-none-eabi/14.3.1/../../../../arm-none-eabi/lib/thumb/v7e-m+fp/hard/libg_nano.a(libc_a-findfp.o)
 .text.stdio_exit_handler
                0x08005f8c       0x18 /home/administrator/snap/code/219/.local/share/stm32cube/bundles/gnu-tools-for-stm32/14.3.1+st.2/bin/../lib/gcc/arm-none-eabi/14.3.1/../../../../arm-none-eabi/lib/thumb/v7e-m+fp/hard/libg_nano.a(libc_a-findfp.o)
 .text.cleanup_stdio
                0x08005fa4       0x40 /home/administrator/snap/code/219/.local/share/stm32cube/bundles/gnu-tools-for-stm32/14.3.1+st.2/bin/../lib/gcc/arm-none-eabi/14.3.1/../../../../arm-none-eabi/lib/thumb/v7e-m+fp/hard/libg_nano.a(libc_a-findfp.o)
 .text.global_stdio_init.part.0
                0x08005fe4       0x40 /home/administrator/snap/code/219/.local/share/stm32cube/bundles/gnu-tools-for-stm32/14.3.1+st.2/bin/../lib/gcc/arm-none-eabi/14.3.1/../../../../arm-none-eabi/lib/thumb/v7e-m+fp/hard/libg_nano.a(libc_a-findfp.o)
 .text.__sfp_lock_acquire
                0x08006024        0xc /home/administrator/snap/code/219/.local/share/stm32cube/bundles/gnu-tools-for-stm32/14.3.1+st.2/bin/../lib/gcc/arm-none-eabi/14.3.1/../../../../arm-none-eabi/lib/thumb/v7e-m+fp/hard/libg_nano.a(libc_a-findfp.o)
                0x08006024                __sfp_lock_acquire
 .text.__sfp_lock_release
                0x08006030        0xc /home/administrator/snap/code/219/.local/share/stm32cube/bundles/gnu-tools-for-stm32/14.3.1+st.2/bin/../lib/gcc/arm-none-eabi/14.3.1/../../../../arm-none-eabi/lib/thumb/v7e-m+fp/hard/libg_nano.a(libc_a-findfp.o)
                0x08006030                __sfp_lock_release
 .text.__sinit  0x0800603c       0x30 /home/administrator/snap/code/219/.local/share/stm32cube/bundles/gnu-tools-for-stm32/14.3.1+st.2/bin/../lib/gcc/arm-none-eabi/14.3.1/../../../../arm-none-eabi/lib/thumb/v7e-m+fp/hard/libg_nano.a(libc_a-findfp.o)
                0x0800603c                __sinit
 .text._fwalk_sglue
                0x0800606c       0x3c /home/administrator/snap/code/219/.local/share/stm32cube/bundles/gnu-tools-for-stm32/14.3.1+st.2/bin/../lib/gcc/arm-none-eabi/14.3.1/../../../../arm-none-eabi/lib/thumb/v7e-m+fp/hard/libg_nano.a(libc_a-fwalk.o)
                0x0800606c                _fwalk_sglue
 .text.sprintf  0x080060a8       0x44 /home/administrator/snap/code/219/.local/share/stm32cube/bundles/gnu-tools-for-stm32/14.3.1+st.2/bin/../lib/gcc/arm-none-eabi/14.3.1/../../../../arm-none-eabi/lib/thumb/v7e-m+fp/hard/libg_nano.a(libc_a-sprintf.o)
                0x080060a8                sprintf
                0x080060a8                siprintf
 .text.__sread  0x080060ec       0x22 /home/administrator/snap/code/219/.local/share/stm32cube/bundles/gnu-tools-for-stm32/14.3.1+st.2/bin/../lib/gcc/arm-none-eabi/14.3.1/../../../../arm-none-eabi/lib/thumb/v7e-m+fp/hard/libg_nano.a(libc_a-stdio.o)
                0x080060ec                __sread
 .text.__swrite
                0x0800610e       0x38 /home/administrator/snap/code/219/.local/share/stm32cube/bundles/gnu-tools-for-stm32/14.3.1+st.2/bin/../lib/gcc/arm-none-eabi/14.3.1/../../../../arm-none-eabi/lib/thumb/v7e-m+fp/hard/libg_nano.a(libc_a-stdio.o)
                0x0800610e                __swrite
 .text.__sseek  0x08006146       0x26 /home/administrator/snap/code/219/.local/share/stm32cube/bundles/gnu-tools-for-stm32/14.3.1+st.2/bin/../lib/gcc/arm-none-eabi/14.3.1/../../../../arm-none-eabi/lib/thumb/v7e-m+fp/hard/libg_nano.a(libc_a-stdio.o)
                0x08006146                __sseek
 .text.__sclose
                0x0800616c        0x8 /home/administrator/snap/code/219/.local/share/stm32cube/bundles/gnu-tools-for-stm32/14.3.1+st.2/bin/../lib/gcc/arm-none-eabi/14.3.1/../../../../arm-none-eabi/lib/thumb/v7e-m+fp/hard/libg_nano.a(libc_a-stdio.o)
                0x0800616c                __sclose
 .text.memset   0x08006174       0x10 /home/administrator/snap/code/219/.local/share/stm32cube/bundles/gnu-tools-for-stm32/14.3.1+st.2/bin/../lib/gcc/arm-none-eabi/14.3.1/../../../../arm-none-eabi/lib/thumb/v7e-m+fp/hard/libg_nano.a(libc_a-memset.o)
                0x08006174                memset
 .text._localeconv_r
                0x08006184        0x8 /home/administrator/snap/code/219/.local/share/stm32cube/bundles/gnu-tools-for-stm32/14.3.1+st.2/bin/../lib/gcc/arm-none-eabi/14.3.1/../../../../arm-none-eabi/lib/thumb/v7e-m+fp/hard/libg_nano.a(libc_a-localeconv.o)
                0x08006184                _localeconv_r
 .text._close_r
                0x0800618c       0x20 /home/administrator/snap/code/219/.local/share/stm32cube/bundles/gnu-tools-for-stm32/14.3.1+st.2/bin/../lib/gcc/arm-none-eabi/14.3.1/../../../../arm-none-eabi/lib/thumb/v7e-m+fp/hard/libg_nano.a(libc_a-closer.o)
                0x0800618c                _close_r
 .text._lseek_r
                0x080061ac       0x24 /home/administrator/snap/code/219/.local/share/stm32cube/bundles/gnu-tools-for-stm32/14.3.1+st.2/bin/../lib/gcc/arm-none-eabi/14.3.1/../../../../arm-none-eabi/lib/thumb/v7e-m+fp/hard/libg_nano.a(libc_a-lseekr.o)
                0x080061ac                _lseek_r
 .text._read_r  0x080061d0       0x24 /home/administrator/snap/code/219/.local/share/stm32cube/bundles/gnu-tools-for-stm32/14.3.1+st.2/bin/../lib/gcc/arm-none-eabi/14.3.1/../../../../arm-none-eabi/lib/thumb/v7e-m+fp/hard/libg_nano.a(libc_a-readr.o)
                0x080061d0                _read_r
 .text._write_r
                0x080061f4       0x24 /home/administrator/snap/code/219/.local/share/stm32cube/bundles/gnu-tools-for-stm32/14.3.1+st.2/bin/../lib/gcc/arm-none-eabi/14.3.1/../../../../arm-none-eabi/lib/thumb/v7e-m+fp/hard/libg_nano.a(libc_a-writer.o)
                0x080061f4                _write_r
 .text.__errno  0x08006218        0xc /home/administrator/snap/code/219/.local/share/stm32cube/bundles/gnu-tools-for-stm32/14.3.1+st.2/bin/../lib/gcc/arm-none-eabi/14.3.1/../../../../arm-none-eabi/lib/thumb/v7e-m+fp/hard/libg_nano.a(libc_a-errno.o)
                0x08006218                __errno
 .text.__libc_init_array
                0x08006224       0x48 /home/administrator/snap/code/219/.local/share/stm32cube/bundles/gnu-tools-for-stm32/14.3.1+st.2/bin/../lib/gcc/arm-none-eabi/14.3.1/../../../../arm-none-eabi/lib/thumb/v7e-m+fp/hard/libg_nano.a(libc_a-init.o)
                0x08006224                __libc_init_array
 .text.__retarget_lock_init_recursive
                0x0800626c        0x2 /home/administrator/snap/code/219/.local/share/stm32cube/bundles/gnu-tools-for-stm32/14.3.1+st.2/bin/../lib/gcc/arm-none-eabi/14.3.1/../../../../arm-none-eabi/lib/thumb/v7e-m+fp/hard/libg_nano.a(libc_a-lock.o)
                0x0800626c                __retarget_lock_init_recursive
 .text.__retarget_lock_acquire_recursive
                0x0800626e        0x2 /home/administrator/snap/code/219/.local/share/stm32cube/bundles/gnu-tools-for-stm32/14.3.1+st.2/bin/../lib/gcc/arm-none-eabi/14.3.1/../../../../arm-none-eabi/lib/thumb/v7e-m+fp/hard/libg_nano.a(libc_a-lock.o)
                0x0800626e                __retarget_lock_acquire_recursive
 .text.__retarget_lock_release_recursive
                0x08006270        0x2 /home/administrator/snap/code/219/.local/share/stm32cube/bundles/gnu-tools-for-stm32/14.3.1+st.2/bin/../lib/gcc/arm-none-eabi/14.3.1/../../../../arm-none-eabi/lib/thumb/v7e-m+fp/hard/libg_nano.a(libc_a-lock.o)
                0x08006270                __retarget_lock_release_recursive
 .text.quorem   0x08006272      0x110 /home/administrator/snap/code/219/.local/share/stm32cube/bundles/gnu-tools-for-stm32/14.3.1+st.2/bin/../lib/gcc/arm-none-eabi/14.3.1/../../../../arm-none-eabi/lib/thumb/v7e-m+fp/hard/libg_nano.a(libc_a-dtoa.o)
 *fill*         0x08006382        0x6 
 .text._dtoa_r  0x08006388      0xbb8 /home/administrator/snap/code/219/.local/share/stm32cube/bundles/gnu-tools-for-stm32/14.3.1+st.2/bin/../lib/gcc/arm-none-eabi/14.3.1/../../../../arm-none-eabi/lib/thumb/v7e-m+fp/hard/libg_nano.a(libc_a-dtoa.o)
                0x08006388                _dtoa_r
 .text._free_r  0x08006f40       0x94 /home/administrator/snap/code/219/.local/share/stm32cube/bundles/gnu-tools-for-stm32/14.3.1+st.2/bin/../lib/gcc/arm-none-eabi/14.3.1/../../../../arm-none-eabi/lib/thumb/v7e-m+fp/hard/libg_nano.a(libc_a-freer.o)
                0x08006f40                _free_r
 .text.malloc   0x08006fd4       0x10 /home/administrator/snap/code/219/.local/share/stm32cube/bundles/gnu-tools-for-stm32/14.3.1+st.2/bin/../lib/gcc/arm-none-eabi/14.3.1/../../../../arm-none-eabi/lib/thumb/v7e-m+fp/hard/libg_nano.a(libc_a-malloc.o)
                0x08006fd4                malloc
 .text.sbrk_aligned
                0x08006fe4       0x44 /home/administrator/snap/code/219/.local/share/stm32cube/bundles/gnu-tools-for-stm32/14.3.1+st.2/bin/../lib/gcc/arm-none-eabi/14.3.1/../../../../arm-none-eabi/lib/thumb/v7e-m+fp/hard/libg_nano.a(libc_a-mallocr.o)
 .text._malloc_r
                0x08007028      0x100 /home/administrator/snap/code/219/.local/share/stm32cube/bundles/gnu-tools-for-stm32/14.3.1+st.2/bin/../lib/gcc/arm-none-eabi/14.3.1/../../../../arm-none-eabi/lib/thumb/v7e-m+fp/hard/libg_nano.a(libc_a-mallocr.o)
                0x08007028                _malloc_r
 .text.__malloc_lock
                0x08007128        0xc /home/administrator/snap/code/219/.local/share/stm32cube/bundles/gnu-tools-for-stm32/14.3.1+st.2/bin/../lib/gcc/arm-none-eabi/14.3.1/../../../../arm-none-eabi/lib/thumb/v7e-m+fp/hard/libg_nano.a(libc_a-mlock.o)
                0x08007128                __malloc_lock
 .text.__malloc_unlock
                0x08007134        0xc /home/administrator/snap/code/219/.local/share/stm32cube/bundles/gnu-tools-for-stm32/14.3.1+st.2/bin/../lib/gcc/arm-none-eabi/14.3.1/../../../../arm-none-eabi/lib/thumb/v7e-m+fp/hard/libg_nano.a(libc_a-mlock.o)
                0x08007134                __malloc_unlock
 .text._Balloc  0x08007140       0x7c /home/administrator/snap/code/219/.local/share/stm32cube/bundles/gnu-tools-for-stm32/14.3.1+st.2/bin/../lib/gcc/arm-none-eabi/14.3.1/../../../../arm-none-eabi/lib/thumb/v7e-m+fp/hard/libg_nano.a(libc_a-mprec.o)
                0x08007140                _Balloc
 .text._Bfree   0x080071bc       0x44 /home/administrator/snap/code/219/.local/share/stm32cube/bundles/gnu-tools-for-stm32/14.3.1+st.2/bin/../lib/gcc/arm-none-eabi/14.3.1/../../../../arm-none-eabi/lib/thumb/v7e-m+fp/hard/libg_nano.a(libc_a-mprec.o)
                0x080071bc                _Bfree
 .text.__multadd
                0x08007200       0x8c /home/administrator/snap/code/219/.local/share/stm32cube/bundles/gnu-tools-for-stm32/14.3.1+st.2/bin/../lib/gcc/arm-none-eabi/14.3.1/../../../../arm-none-eabi/lib/thumb/v7e-m+fp/hard/libg_nano.a(libc_a-mprec.o)
                0x08007200                __multadd
 .text.__hi0bits
                0x0800728c       0x3e /home/administrator/snap/code/219/.local/share/stm32cube/bundles/gnu-tools-for-stm32/14.3.1+st.2/bin/../lib/gcc/arm-none-eabi/14.3.1/../../../../arm-none-eabi/lib/thumb/v7e-m+fp/hard/libg_nano.a(libc_a-mprec.o)
                0x0800728c                __hi0bits
 .text.__lo0bits
                0x080072ca       0x5a /home/administrator/snap/code/219/.local/share/stm32cube/bundles/gnu-tools-for-stm32/14.3.1+st.2/bin/../lib/gcc/arm-none-eabi/14.3.1/../../../../arm-none-eabi/lib/thumb/v7e-m+fp/hard/libg_nano.a(libc_a-mprec.o)
                0x080072ca                __lo0bits
 .text.__i2b    0x08007324       0x2c /home/administrator/snap/code/219/.local/share/stm32cube/bundles/gnu-tools-for-stm32/14.3.1+st.2/bin/../lib/gcc/arm-none-eabi/14.3.1/../../../../arm-none-eabi/lib/thumb/v7e-m+fp/hard/libg_nano.a(libc_a-mprec.o)
                0x08007324                __i2b
 .text.__multiply
                0x08007350      0x154 /home/administrator/snap/code/219/.local/share/stm32cube/bundles/gnu-tools-for-stm32/14.3.1+st.2/bin/../lib/gcc/arm-none-eabi/14.3.1/../../../../arm-none-eabi/lib/thumb/v7e-m+fp/hard/libg_nano.a(libc_a-mprec.o)
                0x08007350                __multiply
 .text.__pow5mult
                0x080074a4       0xb8 /home/administrator/snap/code/219/.local/share/stm32cube/bundles/gnu-tools-for-stm32/14.3.1+st.2/bin/../lib/gcc/arm-none-eabi/14.3.1/../../../../arm-none-eabi/lib/thumb/v7e-m+fp/hard/libg_nano.a(libc_a-mprec.o)
                0x080074a4                __pow5mult
 .text.__lshift
                0x0800755c       0xdc /home/administrator/snap/code/219/.local/share/stm32cube/bundles/gnu-tools-for-stm32/14.3.1+st.2/bin/../lib/gcc/arm-none-eabi/14.3.1/../../../../arm-none-eabi/lib/thumb/v7e-m+fp/hard/libg_nano.a(libc_a-mprec.o)
                0x0800755c                __lshift
 .text.__mcmp   0x08007638       0x36 /home/administrator/snap/code/219/.local/share/stm32cube/bundles/gnu-tools-for-stm32/14.3.1+st.2/bin/../lib/gcc/arm-none-eabi/14.3.1/../../../../arm-none-eabi/lib/thumb/v7e-m+fp/hard/libg_nano.a(libc_a-mprec.o)
                0x08007638                __mcmp
 *fill*         0x0800766e        0x2 
 .text.__mdiff  0x08007670      0x130 /home/administrator/snap/code/219/.local/share/stm32cube/bundles/gnu-tools-for-stm32/14.3.1+st.2/bin/../lib/gcc/arm-none-eabi/14.3.1/../../../../arm-none-eabi/lib/thumb/v7e-m+fp/hard/libg_nano.a(libc_a-mprec.o)
                0x08007670                __mdiff
 .text.__d2b    0x080077a0       0xb0 /home/administrator/snap/code/219/.local/share/stm32cube/bundles/gnu-tools-for-stm32/14.3.1+st.2/bin/../lib/gcc/arm-none-eabi/14.3.1/../../../../arm-none-eabi/lib/thumb/v7e-m+fp/hard/libg_nano.a(libc_a-mprec.o)
                0x080077a0                __d2b
 .text.__ssputs_r
                0x08007850       0xc0 /home/administrator/snap/code/219/.local/share/stm32cube/bundles/gnu-tools-for-stm32/14.3.1+st.2/bin/../lib/gcc/arm-none-eabi/14.3.1/../../../../arm-none-eabi/lib/thumb/v7e-m+fp/hard/libg_nano.a(libc_a-nano-svfprintf.o)
                0x08007850                __ssputs_r
 .text._svfprintf_r
                0x08007910      0x1f0 /home/administrator/snap/code/219/.local/share/stm32cube/bundles/gnu-tools-for-stm32/14.3.1+st.2/bin/../lib/gcc/arm-none-eabi/14.3.1/../../../../arm-none-eabi/lib/thumb/v7e-m+fp/hard/libg_nano.a(libc_a-nano-svfprintf.o)
                0x08007910                _svfprintf_r
                0x08007910                _svfiprintf_r
 .text.__sflush_r
                0x08007b00      0x104 /home/administrator/snap/code/219/.local/share/stm32cube/bundles/gnu-tools-for-stm32/14.3.1+st.2/bin/../lib/gcc/arm-none-eabi/14.3.1/../../../../arm-none-eabi/lib/thumb/v7e-m+fp/hard/libg_nano.a(libc_a-fflush.o)
                0x08007b00                __sflush_r
 .text._fflush_r
                0x08007c04       0x50 /home/administrator/snap/code/219/.local/share/stm32cube/bundles/gnu-tools-for-stm32/14.3.1+st.2/bin/../lib/gcc/arm-none-eabi/14.3.1/../../../../arm-none-eabi/lib/thumb/v7e-m+fp/hard/libg_nano.a(libc_a-fflush.o)
                0x08007c04                _fflush_r
 .text.memmove  0x08007c54       0x32 /home/administrator/snap/code/219/.local/share/stm32cube/bundles/gnu-tools-for-stm32/14.3.1+st.2/bin/../lib/gcc/arm-none-eabi/14.3.1/../../../../arm-none-eabi/lib/thumb/v7e-m+fp/hard/libg_nano.a(libc_a-memmove.o)
                0x08007c54                memmove
 *fill*         0x08007c86        0x2 
 .text._sbrk_r  0x08007c88       0x20 /home/administrator/snap/code/219/.local/share/stm32cube/bundles/gnu-tools-for-stm32/14.3.1+st.2/bin/../lib/gcc/arm-none-eabi/14.3.1/../../../../arm-none-eabi/lib/thumb/v7e-m+fp/hard/libg_nano.a(libc_a-sbrkr.o)
                0x08007c88                _sbrk_r
 .text.memcpy   0x08007ca8       0x1c /home/administrator/snap/code/219/.local/share/stm32cube/bundles/gnu-tools-for-stm32/14.3.1+st.2/bin/../lib/gcc/arm-none-eabi/14.3.1/../../../../arm-none-eabi/lib/thumb/v7e-m+fp/hard/libg_nano.a(libc_a-memcpy-stub.o)
                0x08007ca8                memcpy
 .text.__assert_func
                0x08007cc4       0x3c /home/administrator/snap/code/219/.local/share/stm32cube/bundles/gnu-tools-for-stm32/14.3.1+st.2/bin/../lib/gcc/arm-none-eabi/14.3.1/../../../../arm-none-eabi/lib/thumb/v7e-m+fp/hard/libg_nano.a(libc_a-assert.o)
                0x08007cc4                __assert_func
 .text._calloc_r
                0x08007d00       0x28 /home/administrator/snap/code/219/.local/share/stm32cube/bundles/gnu-tools-for-stm32/14.3.1+st.2/bin/../lib/gcc/arm-none-eabi/14.3.1/../../../../arm-none-eabi/lib/thumb/v7e-m+fp/hard/libg_nano.a(libc_a-callocr.o)
                0x08007d00                _calloc_r
 .text.__ascii_mbtowc
                0x08007d28       0x24 /home/administrator/snap/code/219/.local/share/stm32cube/bundles/gnu-tools-for-stm32/14.3.1+st.2/bin/../lib/gcc/arm-none-eabi/14.3.1/../../../../arm-none-eabi/lib/thumb/v7e-m+fp/hard/libg_nano.a(libc_a-mbtowc_r.o)
                0x08007d28                __ascii_mbtowc
 .text._realloc_r
                0x08007d4c       0x5c /home/administrator/snap/code/219/.local/share/stm32cube/bundles/gnu-tools-for-stm32/14.3.1+st.2/bin/../lib/gcc/arm-none-eabi/14.3.1/../../../../arm-none-eabi/lib/thumb/v7e-m+fp/hard/libg_nano.a(libc_a-reallocr.o)
                0x08007d4c                _realloc_r
 .text.__ascii_wctomb
                0x08007da8       0x1a /home/administrator/snap/code/219/.local/share/stm32cube/bundles/gnu-tools-for-stm32/14.3.1+st.2/bin/../lib/gcc/arm-none-eabi/14.3.1/../../../../arm-none-eabi/lib/thumb/v7e-m+fp/hard/libg_nano.a(libc_a-wctomb_r.o)
                0x08007da8                __ascii_wctomb
 *fill*         0x08007dc2        0x2 
 .text.fprintf  0x08007dc4       0x24 /home/administrator/snap/code/219/.local/share/stm32cube/bundles/gnu-tools-for-stm32/14.3.1+st.2/bin/../lib/gcc/arm-none-eabi/14.3.1/../../../../arm-none-eabi/lib/thumb/v7e-m+fp/hard/libg_nano.a(libc_a-fprintf.o)
                0x08007dc4                fprintf
                0x08007dc4                fiprintf
 .text.abort    0x08007de8        0xe /home/administrator/snap/code/219/.local/share/stm32cube/bundles/gnu-tools-for-stm32/14.3.1+st.2/bin/../lib/gcc/arm-none-eabi/14.3.1/../../../../arm-none-eabi/lib/thumb/v7e-m+fp/hard/libg_nano.a(libc_a-abort.o)
                0x08007de8                abort
 .text._malloc_usable_size_r
                0x08007df6       0x10 /home/administrator/snap/code/219/.local/share/stm32cube/bundles/gnu-tools-for-stm32/14.3.1+st.2/bin/../lib/gcc/arm-none-eabi/14.3.1/../../../../arm-none-eabi/lib/thumb/v7e-m+fp/hard/libg_nano.a(libc_a-msizer.o)
                0x08007df6                _malloc_usable_size_r
 .text.__sfputc_r
                0x08007e06       0x2e /home/administrator/snap/code/219/.local/share/stm32cube/bundles/gnu-tools-for-stm32/14.3.1+st.2/bin/../lib/gcc/arm-none-eabi/14.3.1/../../../../arm-none-eabi/lib/thumb/v7e-m+fp/hard/libg_nano.a(libc_a-nano-vfprintf.o)
 .text.__sfputs_r
                0x08007e34       0x24 /home/administrator/snap/code/219/.local/share/stm32cube/bundles/gnu-tools-for-stm32/14.3.1+st.2/bin/../lib/gcc/arm-none-eabi/14.3.1/../../../../arm-none-eabi/lib/thumb/v7e-m+fp/hard/libg_nano.a(libc_a-nano-vfprintf.o)
                0x08007e34                __sfputs_r
 .text._vfprintf_r
                0x08007e58      0x228 /home/administrator/snap/code/219/.local/share/stm32cube/bundles/gnu-tools-for-stm32/14.3.1+st.2/bin/../lib/gcc/arm-none-eabi/14.3.1/../../../../arm-none-eabi/lib/thumb/v7e-m+fp/hard/libg_nano.a(libc_a-nano-vfprintf.o)
                0x08007e58                _vfiprintf_r
                0x08007e58                _vfprintf_r
 .text.__swbuf_r
                0x08008080       0x7c /home/administrator/snap/code/219/.local/share/stm32cube/bundles/gnu-tools-for-stm32/14.3.1+st.2/bin/../lib/gcc/arm-none-eabi/14.3.1/../../../../arm-none-eabi/lib/thumb/v7e-m+fp/hard/libg_nano.a(libc_a-wbuf.o)
                0x08008080                __swbuf_r
 .text.__swsetup_r
                0x080080fc       0xa8 /home/administrator/snap/code/219/.local/share/stm32cube/bundles/gnu-tools-for-stm32/14.3.1+st.2/bin/../lib/gcc/arm-none-eabi/14.3.1/../../../../arm-none-eabi/lib/thumb/v7e-m+fp/hard/libg_nano.a(libc_a-wsetup.o)
                0x080080fc                __swsetup_r
 .text._raise_r
                0x080081a4       0x50 /home/administrator/snap/code/219/.local/share/stm32cube/bundles/gnu-tools-for-stm32/14.3.1+st.2/bin/../lib/gcc/arm-none-eabi/14.3.1/../../../../arm-none-eabi/lib/thumb/v7e-m+fp/hard/libg_nano.a(libc_a-signal.o)
                0x080081a4                _raise_r
 .text.raise    0x080081f4       0x10 /home/administrator/snap/code/219/.local/share/stm32cube/bundles/gnu-tools-for-stm32/14.3.1+st.2/bin/../lib/gcc/arm-none-eabi/14.3.1/../../../../arm-none-eabi/lib/thumb/v7e-m+fp/hard/libg_nano.a(libc_a-signal.o)
                0x080081f4                raise
 .text._kill_r  0x08008204       0x24 /home/administrator/snap/code/219/.local/share/stm32cube/bundles/gnu-tools-for-stm32/14.3.1+st.2/bin/../lib/gcc/arm-none-eabi/14.3.1/../../../../arm-none-eabi/lib/thumb/v7e-m+fp/hard/libg_nano.a(libc_a-signalr.o)
                0x08008204                _kill_r
 .text._getpid_r
                0x08008228        0x4 /home/administrator/snap/code/219/.local/share/stm32cube/bundles/gnu-tools-for-stm32/14.3.1+st.2/bin/../lib/gcc/arm-none-eabi/14.3.1/../../../../arm-none-eabi/lib/thumb/v7e-m+fp/hard/libg_nano.a(libc_a-signalr.o)
                0x08008228                _getpid_r
 .text.__swhatbuf_r
                0x0800822c       0x48 /home/administrator/snap/code/219/.local/share/stm32cube/bundles/gnu-tools-for-stm32/14.3.1+st.2/bin/../lib/gcc/arm-none-eabi/14.3.1/../../../../arm-none-eabi/lib/thumb/v7e-m+fp/hard/libg_nano.a(libc_a-makebuf.o)
                0x0800822c                __swhatbuf_r
 .text.__smakebuf_r
                0x08008274       0x72 /home/administrator/snap/code/219/.local/share/stm32cube/bundles/gnu-tools-for-stm32/14.3.1+st.2/bin/../lib/gcc/arm-none-eabi/14.3.1/../../../../arm-none-eabi/lib/thumb/v7e-m+fp/hard/libg_nano.a(libc_a-makebuf.o)
                0x08008274                __smakebuf_r
 *fill*         0x080082e6        0x2 
 .text._fstat_r
                0x080082e8       0x24 /home/administrator/snap/code/219/.local/share/stm32cube/bundles/gnu-tools-for-stm32/14.3.1+st.2/bin/../lib/gcc/arm-none-eabi/14.3.1/../../../../arm-none-eabi/lib/thumb/v7e-m+fp/hard/libg_nano.a(libc_a-fstatr.o)
                0x080082e8                _fstat_r
 .text._isatty_r
                0x0800830c       0x20 /home/administrator/snap/code/219/.local/share/stm32cube/bundles/gnu-tools-for-stm32/14.3.1+st.2/bin/../lib/gcc/arm-none-eabi/14.3.1/../../../../arm-none-eabi/lib/thumb/v7e-m+fp/hard/libg_nano.a(libc_a-isattyr.o)
                0x0800830c                _isatty_r
 *(.glue_7)
 .glue_7        0x0800832c        0x0 linker stubs
 *(.glue_7t)
 .glue_7t       0x0800832c        0x0 linker stubs
 *(.eh_frame)
 .eh_frame      0x0800832c        0x0 /home/administrator/snap/code/219/.local/share/stm32cube/bundles/gnu-tools-for-stm32/14.3.1+st.2/bin/../lib/gcc/arm-none-eabi/14.3.1/thumb/v7e-m+fp/hard/crtbegin.o
 *(.init)
 .init          0x0800832c        0x4 /home/administrator/snap/code/219/.local/share/stm32cube/bundles/gnu-tools-for-stm32/14.3.1+st.2/bin/../lib/gcc/arm-none-eabi/14.3.1/thumb/v7e-m+fp/hard/crti.o
                0x0800832c                _init
 .init          0x08008330        0x8 /home/administrator/snap/code/219/.local/share/stm32cube/bundles/gnu-tools-for-stm32/14.3.1+st.2/bin/../lib/gcc/arm-none-eabi/14.3.1/thumb/v7e-m+fp/hard/crtn.o
 *(.fini)
 .fini          0x08008338        0x4 /home/administrator/snap/code/219/.local/share/stm32cube/bundles/gnu-tools-for-stm32/14.3.1+st.2/bin/../lib/gcc/arm-none-eabi/14.3.1/thumb/v7e-m+fp/hard/crti.o
                0x08008338                _fini
 .fini          0x0800833c        0x8 /home/administrator/snap/code/219/.local/share/stm32cube/bundles/gnu-tools-for-stm32/14.3.1+st.2/bin/../lib/gcc/arm-none-eabi/14.3.1/thumb/v7e-m+fp/hard/crtn.o
                0x08008344                        . = ALIGN (0x4)
                0x08008344                        _etext = .

.vfp11_veneer   0x08008344        0x0
 .vfp11_veneer  0x08008344        0x0 linker stubs

.v4_bx          0x08008344        0x0
 .v4_bx         0x08008344        0x0 linker stubs

.iplt           0x08008344        0x0
 .iplt          0x08008344        0x0 /home/administrator/snap/code/219/.local/share/stm32cube/bundles/gnu-tools-for-stm32/14.3.1+st.2/bin/../lib/gcc/arm-none-eabi/14.3.1/thumb/v7e-m+fp/hard/crtbegin.o

.rodata         0x08008348      0x3bc
                0x08008348                        . = ALIGN (0x4)
 *(.rodata)
 .rodata        0x08008348       0x10 CMakeFiles/Lab04.dir/Core/Src/main.c.obj
 *(.rodata*)
 .rodata.AHBPrescTable
                0x08008358       0x10 cmake/stm32cubemx/CMakeFiles/STM32_Drivers.dir/__/__/Core/Src/system_stm32f3xx.c.obj
                0x08008358                AHBPrescTable
 .rodata.APBPrescTable
                0x08008368        0x8 cmake/stm32cubemx/CMakeFiles/STM32_Drivers.dir/__/__/Core/Src/system_stm32f3xx.c.obj
                0x08008368                APBPrescTable
 .rodata.aPLLMULFactorTable
                0x08008370       0x10 cmake/stm32cubemx/CMakeFiles/STM32_Drivers.dir/__/__/Drivers/STM32F3xx_HAL_Driver/Src/stm32f3xx_hal_rcc.c.obj
 .rodata.aPredivFactorTable
                0x08008380       0x10 cmake/stm32cubemx/CMakeFiles/STM32_Drivers.dir/__/__/Drivers/STM32F3xx_HAL_Driver/Src/stm32f3xx_hal_rcc.c.obj
 .rodata._printf_float.str1.1
                0x08008390      0x171 /home/administrator/snap/code/219/.local/share/stm32cube/bundles/gnu-tools-for-stm32/14.3.1+st.2/bin/../lib/gcc/arm-none-eabi/14.3.1/../../../../arm-none-eabi/lib/thumb/v7e-m+fp/hard/libg_nano.a(libc_a-nano-vfprintf_float.o)
                                 0x12 (size before relaxing)
 .rodata._printf_i.str1.1
                0x08008501       0x22 /home/administrator/snap/code/219/.local/share/stm32cube/bundles/gnu-tools-for-stm32/14.3.1+st.2/bin/../lib/gcc/arm-none-eabi/14.3.1/../../../../arm-none-eabi/lib/thumb/v7e-m+fp/hard/libg_nano.a(libc_a-nano-vfprintf_i.o)
 .rodata._dtoa_r.str1.1
                0x08008501       0x8f /home/administrator/snap/code/219/.local/share/stm32cube/bundles/gnu-tools-for-stm32/14.3.1+st.2/bin/../lib/gcc/arm-none-eabi/14.3.1/../../../../arm-none-eabi/lib/thumb/v7e-m+fp/hard/libg_nano.a(libc_a-dtoa.o)
 .rodata._Balloc.str1.1
                0x08008501       0x70 /home/administrator/snap/code/219/.local/share/stm32cube/bundles/gnu-tools-for-stm32/14.3.1+st.2/bin/../lib/gcc/arm-none-eabi/14.3.1/../../../../arm-none-eabi/lib/thumb/v7e-m+fp/hard/libg_nano.a(libc_a-mprec.o)
 .rodata.__multadd.str1.1
                0x08008501       0x11 /home/administrator/snap/code/219/.local/share/stm32cube/bundles/gnu-tools-for-stm32/14.3.1+st.2/bin/../lib/gcc/arm-none-eabi/14.3.1/../../../../arm-none-eabi/lib/thumb/v7e-m+fp/hard/libg_nano.a(libc_a-mprec.o)
 *fill*         0x08008501        0x3 
 .rodata.p05.0  0x08008504        0xc /home/administrator/snap/code/219/.local/share/stm32cube/bundles/gnu-tools-for-stm32/14.3.1+st.2/bin/../lib/gcc/arm-none-eabi/14.3.1/../../../../arm-none-eabi/lib/thumb/v7e-m+fp/hard/libg_nano.a(libc_a-mprec.o)
 .rodata.__mprec_bigtens
                0x08008510       0x28 /home/administrator/snap/code/219/.local/share/stm32cube/bundles/gnu-tools-for-stm32/14.3.1+st.2/bin/../lib/gcc/arm-none-eabi/14.3.1/../../../../arm-none-eabi/lib/thumb/v7e-m+fp/hard/libg_nano.a(libc_a-mprec.o)
                0x08008510                __mprec_bigtens
 .rodata.__mprec_tens
                0x08008538       0xc8 /home/administrator/snap/code/219/.local/share/stm32cube/bundles/gnu-tools-for-stm32/14.3.1+st.2/bin/../lib/gcc/arm-none-eabi/14.3.1/../../../../arm-none-eabi/lib/thumb/v7e-m+fp/hard/libg_nano.a(libc_a-mprec.o)
                0x08008538                __mprec_tens
 .rodata._svfprintf_r.str1.1
                0x08008600       0x11 /home/administrator/snap/code/219/.local/share/stm32cube/bundles/gnu-tools-for-stm32/14.3.1+st.2/bin/../lib/gcc/arm-none-eabi/14.3.1/../../../../arm-none-eabi/lib/thumb/v7e-m+fp/hard/libg_nano.a(libc_a-nano-svfprintf.o)
 .rodata._setlocale_r.str1.1
                0x08008600        0x9 /home/administrator/snap/code/219/.local/share/stm32cube/bundles/gnu-tools-for-stm32/14.3.1+st.2/bin/../lib/gcc/arm-none-eabi/14.3.1/../../../../arm-none-eabi/lib/thumb/v7e-m+fp/hard/libg_nano.a(libc_a-locale.o)
 .rodata.str1.1
                0x08008600        0x2 /home/administrator/snap/code/219/.local/share/stm32cube/bundles/gnu-tools-for-stm32/14.3.1+st.2/bin/../lib/gcc/arm-none-eabi/14.3.1/../../../../arm-none-eabi/lib/thumb/v7e-m+fp/hard/libg_nano.a(libc_a-locale.o)
 .rodata.__assert_func.str1.1
                0x08008600       0x3d /home/administrator/snap/code/219/.local/share/stm32cube/bundles/gnu-tools-for-stm32/14.3.1+st.2/bin/../lib/gcc/arm-none-eabi/14.3.1/../../../../arm-none-eabi/lib/thumb/v7e-m+fp/hard/libg_nano.a(libc_a-assert.o)
 .rodata._ctype_
                0x08008600      0x101 /home/administrator/snap/code/219/.local/share/stm32cube/bundles/gnu-tools-for-stm32/14.3.1+st.2/bin/../lib/gcc/arm-none-eabi/14.3.1/../../../../arm-none-eabi/lib/thumb/v7e-m+fp/hard/libg_nano.a(libc_a-ctype_.o)
                0x08008600                _ctype_
 .rodata._vfprintf_r.str1.1
                0x08008701       0x11 /home/administrator/snap/code/219/.local/share/stm32cube/bundles/gnu-tools-for-stm32/14.3.1+st.2/bin/../lib/gcc/arm-none-eabi/14.3.1/../../../../arm-none-eabi/lib/thumb/v7e-m+fp/hard/libg_nano.a(libc_a-nano-vfprintf.o)
                0x08008714                        . = ALIGN (0x4)
 *fill*         0x08008701        0x3 

.ARM.extab      0x08008704        0x0
                0x08008704                        . = ALIGN (0x4)
 *(.ARM.extab* .gnu.linkonce.armextab.*)
                0x08008704                        . = ALIGN (0x4)

.ARM            0x08008704        0x8
                0x08008704                        . = ALIGN (0x4)
                0x08008704                        __exidx_start = .
 *(.ARM.exidx*)
 .ARM.exidx     0x08008704        0x8 /home/administrator/snap/code/219/.local/share/stm32cube/bundles/gnu-tools-for-stm32/14.3.1+st.2/bin/../lib/gcc/arm-none-eabi/14.3.1/../../../../arm-none-eabi/lib/thumb/v7e-m+fp/hard/libg_nano.a(libc_a-memchr.o)
 .ARM.exidx     0x0800870c        0x0 /home/administrator/snap/code/219/.local/share/stm32cube/bundles/gnu-tools-for-stm32/14.3.1+st.2/bin/../lib/gcc/arm-none-eabi/14.3.1/../../../../arm-none-eabi/lib/thumb/v7e-m+fp/hard/libg_nano.a(libc_a-strlen.o)
                                  0x8 (size before relaxing)
                0x0800870c                        __exidx_end = .
                0x0800870c                        . = ALIGN (0x4)

.preinit_array  0x0800870c        0x0
                0x0800870c                        . = ALIGN (0x4)
                0x0800870c                        PROVIDE (__preinit_array_start = .)
 *(.preinit_array*)
                0x0800870c                        PROVIDE (__preinit_array_end = .)
                0x0800870c                        . = ALIGN (0x4)

.init_array     0x0800870c        0x4
                0x0800870c                        . = ALIGN (0x4)
                0x0800870c                        PROVIDE (__init_array_start = .)
 *(SORT_BY_NAME(.init_array.*))
 *(.init_array*)
 .init_array    0x0800870c        0x4 /home/administrator/snap/code/219/.local/share/stm32cube/bundles/gnu-tools-for-stm32/14.3.1+st.2/bin/../lib/gcc/arm-none-eabi/14.3.1/thumb/v7e-m+fp/hard/crtbegin.o
                0x08008710                        PROVIDE (__init_array_end = .)
                0x08008710                        . = ALIGN (0x4)

.fini_array     0x08008710        0x4
                0x08008710                        . = ALIGN (0x4)
                [!provide]                        PROVIDE (__fini_array_start = .)
 *(SORT_BY_NAME(.fini_array.*))
 *(.fini_array*)
 .fini_array    0x08008710        0x4 /home/administrator/snap/code/219/.local/share/stm32cube/bundles/gnu-tools-for-stm32/14.3.1+st.2/bin/../lib/gcc/arm-none-eabi/14.3.1/thumb/v7e-m+fp/hard/crtbegin.o
                [!provide]                        PROVIDE (__fini_array_end = .)
                0x08008714                        . = ALIGN (0x4)
                0x08008714                        _siccmram = LOADADDR (.ccmram)

.rel.dyn        0x08008714        0x0
 .rel.iplt      0x08008714        0x0 /home/administrator/snap/code/219/.local/share/stm32cube/bundles/gnu-tools-for-stm32/14.3.1+st.2/bin/../lib/gcc/arm-none-eabi/14.3.1/thumb/v7e-m+fp/hard/crtbegin.o

.ccmram         0x10000000        0x0 load address 0x08008714
                0x10000000                        . = ALIGN (0x4)
                0x10000000                        _sccmram = .
 *(.ccmram)
 *(.ccmram*)
                0x10000000                        . = ALIGN (0x4)
                0x10000000                        _eccmram = .
                0x08008714                        _sidata = LOADADDR (.data)

.data           0x20000000      0x1d4 load address 0x08008714
                0x20000000                        . = ALIGN (0x4)
                0x20000000                        _sdata = .
 *(.data)
 *(.data*)
 .data.SystemCoreClock
                0x20000000        0x4 cmake/stm32cubemx/CMakeFiles/STM32_Drivers.dir/__/__/Core/Src/system_stm32f3xx.c.obj
                0x20000000                SystemCoreClock
 .data.uwTickPrio
                0x20000004        0x4 cmake/stm32cubemx/CMakeFiles/STM32_Drivers.dir/__/__/Drivers/STM32F3xx_HAL_Driver/Src/stm32f3xx_hal.c.obj
                0x20000004                uwTickPrio
 .data.uwTickFreq
                0x20000008        0x1 cmake/stm32cubemx/CMakeFiles/STM32_Drivers.dir/__/__/Drivers/STM32F3xx_HAL_Driver/Src/stm32f3xx_hal.c.obj
                0x20000008                uwTickFreq
 *fill*         0x20000009        0x3 
 .data.__sglue  0x2000000c        0xc /home/administrator/snap/code/219/.local/share/stm32cube/bundles/gnu-tools-for-stm32/14.3.1+st.2/bin/../lib/gcc/arm-none-eabi/14.3.1/../../../../arm-none-eabi/lib/thumb/v7e-m+fp/hard/libg_nano.a(libc_a-findfp.o)
                0x2000000c                __sglue
 .data._impure_ptr
                0x20000018        0x4 /home/administrator/snap/code/219/.local/share/stm32cube/bundles/gnu-tools-for-stm32/14.3.1+st.2/bin/../lib/gcc/arm-none-eabi/14.3.1/../../../../arm-none-eabi/lib/thumb/v7e-m+fp/hard/libg_nano.a(libc_a-impure.o)
                0x20000018                _impure_ptr
 .data._impure_data
                0x2000001c       0x4c /home/administrator/snap/code/219/.local/share/stm32cube/bundles/gnu-tools-for-stm32/14.3.1+st.2/bin/../lib/gcc/arm-none-eabi/14.3.1/../../../../arm-none-eabi/lib/thumb/v7e-m+fp/hard/libg_nano.a(libc_a-impure.o)
                0x2000001c                _impure_data
 .data.__global_locale
                0x20000068      0x16c /home/administrator/snap/code/219/.local/share/stm32cube/bundles/gnu-tools-for-stm32/14.3.1+st.2/bin/../lib/gcc/arm-none-eabi/14.3.1/../../../../arm-none-eabi/lib/thumb/v7e-m+fp/hard/libg_nano.a(libc_a-locale.o)
                0x20000068                __global_locale
 *(.RamFunc)
 *(.RamFunc*)
                0x200001d4                        . = ALIGN (0x4)

.igot.plt       0x200001d4        0x0 load address 0x080088e8
 .igot.plt      0x200001d4        0x0 /home/administrator/snap/code/219/.local/share/stm32cube/bundles/gnu-tools-for-stm32/14.3.1+st.2/bin/../lib/gcc/arm-none-eabi/14.3.1/thumb/v7e-m+fp/hard/crtbegin.o

.tdata          0x200001d4        0x0 load address 0x080088e8
 *(.tdata .tdata.* .gnu.linkonce.td.*)
                0x200001d4                        . = ALIGN (0x4)
                0x200001d4                        _edata = .
                [!provide]                        PROVIDE (__data_end = .)
                [!provide]                        PROVIDE (__tdata_end = .)
                [!provide]                        PROVIDE (__tdata_start = ADDR (.tdata))
                [!provide]                        PROVIDE (__tdata_size = (__tdata_end - __tdata_start))
                [!provide]                        PROVIDE (__data_start = ADDR (.data))
                [!provide]                        PROVIDE (__data_size = (__data_end - __data_start))
                [!provide]                        PROVIDE (__tdata_source = LOADADDR (.tdata))
                [!provide]                        PROVIDE (__tdata_source_end = (LOADADDR (.tdata) + SIZEOF (.tdata)))
                [!provide]                        PROVIDE (__tdata_source_size = (__tdata_source_end - __tdata_source))
                [!provide]                        PROVIDE (__data_source = LOADADDR (.data))
                [!provide]                        PROVIDE (__data_source_end = __tdata_source_end)
                [!provide]                        PROVIDE (__data_source_size = (__data_source_end - __data_source))

.tbss           0x200001d4        0x0 load address 0x080088e8
                0x200001d4                        _sbss = .
                0x200001d4                        __bss_start__ = _sbss
 *(.tbss .tbss.*)
                0x200001d4                        . = ALIGN (0x4)
                [!provide]                        PROVIDE (__tbss_end = .)
                [!provide]                        PROVIDE (__tbss_start = ADDR (.tbss))
                [!provide]                        PROVIDE (__tbss_size = (__tbss_end - __tbss_start))
                [!provide]                        PROVIDE (__tbss_offset = (ADDR (.tbss) - ADDR (.tdata)))
                [!provide]                        PROVIDE (__tls_base = __tdata_start)
                [!provide]                        PROVIDE (__tls_end = __tbss_end)
                [!provide]                        PROVIDE (__tls_size = (__tls_end - __tls_base))
                [!provide]                        PROVIDE (__tls_align = MAX (ALIGNOF (.tdata), ALIGNOF (.tbss)))
                [!provide]                        PROVIDE (__tls_size_align = (((__tls_size + __tls_align) - 0x1) & ~ ((__tls_align - 0x1))))
                [!provide]                        PROVIDE (__arm32_tls_tcb_offset = MAX (0x8, __tls_align))
                [!provide]                        PROVIDE (__arm64_tls_tcb_offset = MAX (0x10, __tls_align))

.bss            0x200001d4      0x668 load address 0x080088e8
 *(.bss)
 .bss           0x200001d4       0x1c /home/administrator/snap/code/219/.local/share/stm32cube/bundles/gnu-tools-for-stm32/14.3.1+st.2/bin/../lib/gcc/arm-none-eabi/14.3.1/thumb/v7e-m+fp/hard/crtbegin.o
 *(.bss*)
 .bss.uwTick    0x200001f0        0x4 cmake/stm32cubemx/CMakeFiles/STM32_Drivers.dir/__/__/Drivers/STM32F3xx_HAL_Driver/Src/stm32f3xx_hal.c.obj
                0x200001f0                uwTick
 .bss.hi2c1     0x200001f4       0x54 CMakeFiles/Lab04.dir/Core/Src/main.c.obj
                0x200001f4                hi2c1
 .bss.hspi1     0x20000248       0x64 CMakeFiles/Lab04.dir/Core/Src/main.c.obj
                0x20000248                hspi1
 .bss.htim2     0x200002ac       0x4c CMakeFiles/Lab04.dir/Core/Src/main.c.obj
                0x200002ac                htim2
 .bss.htim3     0x200002f8       0x4c CMakeFiles/Lab04.dir/Core/Src/main.c.obj
                0x200002f8                htim3
 .bss.huart2    0x20000344       0x88 CMakeFiles/Lab04.dir/Core/Src/main.c.obj
                0x20000344                huart2
 .bss.hpcd_USB_FS
                0x200003cc      0x2d4 CMakeFiles/Lab04.dir/Core/Src/main.c.obj
                0x200003cc                hpcd_USB_FS
 .bss.period_shared
                0x200006a0        0x4 CMakeFiles/Lab04.dir/Core/Src/main.c.obj
                0x200006a0                period_shared
 .bss.new_data_flag
                0x200006a4        0x1 CMakeFiles/Lab04.dir/Core/Src/main.c.obj
                0x200006a4                new_data_flag
 *fill*         0x200006a5        0x3 
 .bss.buffer    0x200006a8       0x32 CMakeFiles/Lab04.dir/Core/Src/main.c.obj
                0x200006a8                buffer
 *fill*         0x200006da        0x2 
 .bss.last_capture
                0x200006dc        0x4 CMakeFiles/Lab04.dir/Core/Src/main.c.obj
                0x200006dc                last_capture
 .bss.countA    0x200006e0        0x4 CMakeFiles/Lab04.dir/Core/Src/main.c.obj
                0x200006e0                countA
 .bss.countB    0x200006e4        0x4 CMakeFiles/Lab04.dir/Core/Src/main.c.obj
                0x200006e4                countB
 .bss.countC    0x200006e8        0x4 CMakeFiles/Lab04.dir/Core/Src/main.c.obj
                0x200006e8                countC
 .bss.__sbrk_heap_end
                0x200006ec        0x4 CMakeFiles/Lab04.dir/Core/Src/sysmem.c.obj
 .bss.__sf      0x200006f0      0x138 /home/administrator/snap/code/219/.local/share/stm32cube/bundles/gnu-tools-for-stm32/14.3.1+st.2/bin/../lib/gcc/arm-none-eabi/14.3.1/../../../../arm-none-eabi/lib/thumb/v7e-m+fp/hard/libg_nano.a(libc_a-findfp.o)
                0x200006f0                __sf
 .bss.__stdio_exit_handler
                0x20000828        0x4 /home/administrator/snap/code/219/.local/share/stm32cube/bundles/gnu-tools-for-stm32/14.3.1+st.2/bin/../lib/gcc/arm-none-eabi/14.3.1/../../../../arm-none-eabi/lib/thumb/v7e-m+fp/hard/libg_nano.a(libc_a-findfp.o)
                0x20000828                __stdio_exit_handler
 .bss.errno     0x2000082c        0x4 /home/administrator/snap/code/219/.local/share/stm32cube/bundles/gnu-tools-for-stm32/14.3.1+st.2/bin/../lib/gcc/arm-none-eabi/14.3.1/../../../../arm-none-eabi/lib/thumb/v7e-m+fp/hard/libg_nano.a(libc_a-reent.o)
                0x2000082c                errno
 .bss.__lock___malloc_recursive_mutex
                0x20000830        0x1 /home/administrator/snap/code/219/.local/share/stm32cube/bundles/gnu-tools-for-stm32/14.3.1+st.2/bin/../lib/gcc/arm-none-eabi/14.3.1/../../../../arm-none-eabi/lib/thumb/v7e-m+fp/hard/libg_nano.a(libc_a-lock.o)
                0x20000830                __lock___malloc_recursive_mutex
 .bss.__lock___sfp_recursive_mutex
                0x20000831        0x1 /home/administrator/snap/code/219/.local/share/stm32cube/bundles/gnu-tools-for-stm32/14.3.1+st.2/bin/../lib/gcc/arm-none-eabi/14.3.1/../../../../arm-none-eabi/lib/thumb/v7e-m+fp/hard/libg_nano.a(libc_a-lock.o)
                0x20000831                __lock___sfp_recursive_mutex
 *fill*         0x20000832        0x2 
 .bss.__malloc_sbrk_start
                0x20000834        0x4 /home/administrator/snap/code/219/.local/share/stm32cube/bundles/gnu-tools-for-stm32/14.3.1+st.2/bin/../lib/gcc/arm-none-eabi/14.3.1/../../../../arm-none-eabi/lib/thumb/v7e-m+fp/hard/libg_nano.a(libc_a-mallocr.o)
                0x20000834                __malloc_sbrk_start
 .bss.__malloc_free_list
                0x20000838        0x4 /home/administrator/snap/code/219/.local/share/stm32cube/bundles/gnu-tools-for-stm32/14.3.1+st.2/bin/../lib/gcc/arm-none-eabi/14.3.1/../../../../arm-none-eabi/lib/thumb/v7e-m+fp/hard/libg_nano.a(libc_a-mallocr.o)
                0x20000838                __malloc_free_list
 *(COMMON)
                0x2000083c                        . = ALIGN (0x4)
                0x2000083c                        _ebss = .
                0x2000083c                        __bss_end__ = _ebss
                [!provide]                        PROVIDE (__bss_end = .)
                [!provide]                        PROVIDE (__non_tls_bss_start = ADDR (.bss))
                [!provide]                        PROVIDE (__bss_start = __tbss_start)
                [!provide]                        PROVIDE (__bss_size = (__bss_end - __bss_start))

._user_heap_stack
                0x2000083c      0x604 load address 0x080088e8
                0x20000840                        . = ALIGN (0x8)
 *fill*         0x2000083c        0x4 
                [!provide]                        PROVIDE (end = .)
                0x20000840                        PROVIDE (_end = .)
                0x20000a40                        . = (. + _Min_Heap_Size)
 *fill*         0x20000840      0x200 
                0x20000e40                        . = (. + _Min_Stack_Size)
 *fill*         0x20000a40      0x400 
                0x20000e40                        . = ALIGN (0x8)

/DISCARD/
 libc.a:*(*)
 libm.a:*(*)
 libgcc.a:*(*)
OUTPUT(Lab04.elf elf32-littlearm)
LOAD linker stubs

.ARM.attributes
                0x00000000       0x30
 .ARM.attributes
                0x00000000       0x22 /home/administrator/snap/code/219/.local/share/stm32cube/bundles/gnu-tools-for-stm32/14.3.1+st.2/bin/../lib/gcc/arm-none-eabi/14.3.1/thumb/v7e-m+fp/hard/crti.o
 .ARM.attributes
                0x00000022       0x34 /home/administrator/snap/code/219/.local/share/stm32cube/bundles/gnu-tools-for-stm32/14.3.1+st.2/bin/../lib/gcc/arm-none-eabi/14.3.1/thumb/v7e-m+fp/hard/crtbegin.o
 .ARM.attributes
                0x00000056       0x34 cmake/stm32cubemx/CMakeFiles/STM32_Drivers.dir/__/__/Core/Src/system_stm32f3xx.c.obj
 .ARM.attributes
                0x0000008a       0x34 cmake/stm32cubemx/CMakeFiles/STM32_Drivers.dir/__/__/Drivers/STM32F3xx_HAL_Driver/Src/stm32f3xx_ll_usb.c.obj
 .ARM.attributes
                0x000000be       0x34 cmake/stm32cubemx/CMakeFiles/STM32_Drivers.dir/__/__/Drivers/STM32F3xx_HAL_Driver/Src/stm32f3xx_hal_i2c.c.obj
 .ARM.attributes
                0x000000f2       0x34 cmake/stm32cubemx/CMakeFiles/STM32_Drivers.dir/__/__/Drivers/STM32F3xx_HAL_Driver/Src/stm32f3xx_hal_i2c_ex.c.obj
 .ARM.attributes
                0x00000126       0x34 cmake/stm32cubemx/CMakeFiles/STM32_Drivers.dir/__/__/Drivers/STM32F3xx_HAL_Driver/Src/stm32f3xx_hal.c.obj
 .ARM.attributes
                0x0000015a       0x34 cmake/stm32cubemx/CMakeFiles/STM32_Drivers.dir/__/__/Drivers/STM32F3xx_HAL_Driver/Src/stm32f3xx_hal_rcc.c.obj
 .ARM.attributes
                0x0000018e       0x34 cmake/stm32cubemx/CMakeFiles/STM32_Drivers.dir/__/__/Drivers/STM32F3xx_HAL_Driver/Src/stm32f3xx_hal_rcc_ex.c.obj
 .ARM.attributes
                0x000001c2       0x34 cmake/stm32cubemx/CMakeFiles/STM32_Drivers.dir/__/__/Drivers/STM32F3xx_HAL_Driver/Src/stm32f3xx_hal_gpio.c.obj
 .ARM.attributes
                0x000001f6       0x34 cmake/stm32cubemx/CMakeFiles/STM32_Drivers.dir/__/__/Drivers/STM32F3xx_HAL_Driver/Src/stm32f3xx_hal_cortex.c.obj
 .ARM.attributes
                0x0000022a       0x34 cmake/stm32cubemx/CMakeFiles/STM32_Drivers.dir/__/__/Drivers/STM32F3xx_HAL_Driver/Src/stm32f3xx_hal_spi.c.obj
 .ARM.attributes
                0x0000025e       0x34 cmake/stm32cubemx/CMakeFiles/STM32_Drivers.dir/__/__/Drivers/STM32F3xx_HAL_Driver/Src/stm32f3xx_hal_tim.c.obj
 .ARM.attributes
                0x00000292       0x34 cmake/stm32cubemx/CMakeFiles/STM32_Drivers.dir/__/__/Drivers/STM32F3xx_HAL_Driver/Src/stm32f3xx_hal_tim_ex.c.obj
 .ARM.attributes
                0x000002c6       0x34 cmake/stm32cubemx/CMakeFiles/STM32_Drivers.dir/__/__/Drivers/STM32F3xx_HAL_Driver/Src/stm32f3xx_hal_uart.c.obj
 .ARM.attributes
                0x000002fa       0x34 cmake/stm32cubemx/CMakeFiles/STM32_Drivers.dir/__/__/Drivers/STM32F3xx_HAL_Driver/Src/stm32f3xx_hal_pcd.c.obj
 .ARM.attributes
                0x0000032e       0x34 CMakeFiles/Lab04.dir/Core/Src/main.c.obj
 .ARM.attributes
                0x00000362       0x34 CMakeFiles/Lab04.dir/Core/Src/stm32f3xx_it.c.obj
 .ARM.attributes
                0x00000396       0x34 CMakeFiles/Lab04.dir/Core/Src/stm32f3xx_hal_msp.c.obj
 .ARM.attributes
                0x000003ca       0x34 CMakeFiles/Lab04.dir/Core/Src/sysmem.c.obj
 .ARM.attributes
                0x000003fe       0x34 CMakeFiles/Lab04.dir/Core/Src/syscalls.c.obj
 .ARM.attributes
                0x00000432       0x21 CMakeFiles/Lab04.dir/startup_stm32f303xc.s.obj
 .ARM.attributes
                0x00000453       0x22 /home/administrator/snap/code/219/.local/share/stm32cube/bundles/gnu-tools-for-stm32/14.3.1+st.2/bin/../lib/gcc/arm-none-eabi/14.3.1/thumb/v7e-m+fp/hard/libgcc.a(_arm_addsubdf3.o)
 .ARM.attributes
                0x00000475       0x34 /home/administrator/snap/code/219/.local/share/stm32cube/bundles/gnu-tools-for-stm32/14.3.1+st.2/bin/../lib/gcc/arm-none-eabi/14.3.1/../../../../arm-none-eabi/lib/thumb/v7e-m+fp/hard/libg_nano.a(libc_a-nano-vfprintf_float.o)
 .ARM.attributes
                0x000004a9       0x34 /home/administrator/snap/code/219/.local/share/stm32cube/bundles/gnu-tools-for-stm32/14.3.1+st.2/bin/../lib/gcc/arm-none-eabi/14.3.1/../../../../arm-none-eabi/lib/thumb/v7e-m+fp/hard/libg_nano.a(libc_a-nano-vfprintf_i.o)
 .ARM.attributes
                0x000004dd       0x34 /home/administrator/snap/code/219/.local/share/stm32cube/bundles/gnu-tools-for-stm32/14.3.1+st.2/bin/../lib/gcc/arm-none-eabi/14.3.1/../../../../arm-none-eabi/lib/thumb/v7e-m+fp/hard/libg_nano.a(libc_a-findfp.o)
 .ARM.attributes
                0x00000511       0x34 /home/administrator/snap/code/219/.local/share/stm32cube/bundles/gnu-tools-for-stm32/14.3.1+st.2/bin/../lib/gcc/arm-none-eabi/14.3.1/../../../../arm-none-eabi/lib/thumb/v7e-m+fp/hard/libg_nano.a(libc_a-fwalk.o)
 .ARM.attributes
                0x00000545       0x34 /home/administrator/snap/code/219/.local/share/stm32cube/bundles/gnu-tools-for-stm32/14.3.1+st.2/bin/../lib/gcc/arm-none-eabi/14.3.1/../../../../arm-none-eabi/lib/thumb/v7e-m+fp/hard/libg_nano.a(libc_a-sprintf.o)
 .ARM.attributes
                0x00000579       0x34 /home/administrator/snap/code/219/.local/share/stm32cube/bundles/gnu-tools-for-stm32/14.3.1+st.2/bin/../lib/gcc/arm-none-eabi/14.3.1/../../../../arm-none-eabi/lib/thumb/v7e-m+fp/hard/libg_nano.a(libc_a-stdio.o)
 .ARM.attributes
                0x000005ad       0x34 /home/administrator/snap/code/219/.local/share/stm32cube/bundles/gnu-tools-for-stm32/14.3.1+st.2/bin/../lib/gcc/arm-none-eabi/14.3.1/../../../../arm-none-eabi/lib/thumb/v7e-m+fp/hard/libg_nano.a(libc_a-memset.o)
 .ARM.attributes
                0x000005e1       0x34 /home/administrator/snap/code/219/.local/share/stm32cube/bundles/gnu-tools-for-stm32/14.3.1+st.2/bin/../lib/gcc/arm-none-eabi/14.3.1/../../../../arm-none-eabi/lib/thumb/v7e-m+fp/hard/libg_nano.a(libc_a-localeconv.o)
 .ARM.attributes
                0x00000615       0x34 /home/administrator/snap/code/219/.local/share/stm32cube/bundles/gnu-tools-for-stm32/14.3.1+st.2/bin/../lib/gcc/arm-none-eabi/14.3.1/../../../../arm-none-eabi/lib/thumb/v7e-m+fp/hard/libg_nano.a(libc_a-closer.o)
 .ARM.attributes
                0x00000649       0x34 /home/administrator/snap/code/219/.local/share/stm32cube/bundles/gnu-tools-for-stm32/14.3.1+st.2/bin/../lib/gcc/arm-none-eabi/14.3.1/../../../../arm-none-eabi/lib/thumb/v7e-m+fp/hard/libg_nano.a(libc_a-reent.o)
 .ARM.attributes
                0x0000067d       0x34 /home/administrator/snap/code/219/.local/share/stm32cube/bundles/gnu-tools-for-stm32/14.3.1+st.2/bin/../lib/gcc/arm-none-eabi/14.3.1/../../../../arm-none-eabi/lib/thumb/v7e-m+fp/hard/libg_nano.a(libc_a-impure.o)
 .ARM.attributes
                0x000006b1       0x34 /home/administrator/snap/code/219/.local/share/stm32cube/bundles/gnu-tools-for-stm32/14.3.1+st.2/bin/../lib/gcc/arm-none-eabi/14.3.1/../../../../arm-none-eabi/lib/thumb/v7e-m+fp/hard/libg_nano.a(libc_a-lseekr.o)
 .ARM.attributes
                0x000006e5       0x34 /home/administrator/snap/code/219/.local/share/stm32cube/bundles/gnu-tools-for-stm32/14.3.1+st.2/bin/../lib/gcc/arm-none-eabi/14.3.1/../../../../arm-none-eabi/lib/thumb/v7e-m+fp/hard/libg_nano.a(libc_a-readr.o)
 .ARM.attributes
                0x00000719       0x34 /home/administrator/snap/code/219/.local/share/stm32cube/bundles/gnu-tools-for-stm32/14.3.1+st.2/bin/../lib/gcc/arm-none-eabi/14.3.1/../../../../arm-none-eabi/lib/thumb/v7e-m+fp/hard/libg_nano.a(libc_a-writer.o)
 .ARM.attributes
                0x0000074d       0x34 /home/administrator/snap/code/219/.local/share/stm32cube/bundles/gnu-tools-for-stm32/14.3.1+st.2/bin/../lib/gcc/arm-none-eabi/14.3.1/../../../../arm-none-eabi/lib/thumb/v7e-m+fp/hard/libg_nano.a(libc_a-errno.o)
 .ARM.attributes
                0x00000781       0x34 /home/administrator/snap/code/219/.local/share/stm32cube/bundles/gnu-tools-for-stm32/14.3.1+st.2/bin/../lib/gcc/arm-none-eabi/14.3.1/../../../../arm-none-eabi/lib/thumb/v7e-m+fp/hard/libg_nano.a(libc_a-init.o)
 .ARM.attributes
                0x000007b5       0x34 /home/administrator/snap/code/219/.local/share/stm32cube/bundles/gnu-tools-for-stm32/14.3.1+st.2/bin/../lib/gcc/arm-none-eabi/14.3.1/../../../../arm-none-eabi/lib/thumb/v7e-m+fp/hard/libg_nano.a(libc_a-lock.o)
 .ARM.attributes
                0x000007e9       0x1c /home/administrator/snap/code/219/.local/share/stm32cube/bundles/gnu-tools-for-stm32/14.3.1+st.2/bin/../lib/gcc/arm-none-eabi/14.3.1/../../../../arm-none-eabi/lib/thumb/v7e-m+fp/hard/libg_nano.a(libc_a-memchr.o)
 .ARM.attributes
                0x00000805       0x17 /home/administrator/snap/code/219/.local/share/stm32cube/bundles/gnu-tools-for-stm32/14.3.1+st.2/bin/../lib/gcc/arm-none-eabi/14.3.1/../../../../arm-none-eabi/lib/thumb/v7e-m+fp/hard/libg_nano.a(libc_a-strlen.o)
 .ARM.attributes
                0x0000081c       0x34 /home/administrator/snap/code/219/.local/share/stm32cube/bundles/gnu-tools-for-stm32/14.3.1+st.2/bin/../lib/gcc/arm-none-eabi/14.3.1/../../../../arm-none-eabi/lib/thumb/v7e-m+fp/hard/libg_nano.a(libc_a-dtoa.o)
 .ARM.attributes
                0x00000850       0x34 /home/administrator/snap/code/219/.local/share/stm32cube/bundles/gnu-tools-for-stm32/14.3.1+st.2/bin/../lib/gcc/arm-none-eabi/14.3.1/../../../../arm-none-eabi/lib/thumb/v7e-m+fp/hard/libg_nano.a(libc_a-freer.o)
 .ARM.attributes
                0x00000884       0x34 /home/administrator/snap/code/219/.local/share/stm32cube/bundles/gnu-tools-for-stm32/14.3.1+st.2/bin/../lib/gcc/arm-none-eabi/14.3.1/../../../../arm-none-eabi/lib/thumb/v7e-m+fp/hard/libg_nano.a(libc_a-malloc.o)
 .ARM.attributes
                0x000008b8       0x34 /home/administrator/snap/code/219/.local/share/stm32cube/bundles/gnu-tools-for-stm32/14.3.1+st.2/bin/../lib/gcc/arm-none-eabi/14.3.1/../../../../arm-none-eabi/lib/thumb/v7e-m+fp/hard/libg_nano.a(libc_a-mallocr.o)
 .ARM.attributes
                0x000008ec       0x34 /home/administrator/snap/code/219/.local/share/stm32cube/bundles/gnu-tools-for-stm32/14.3.1+st.2/bin/../lib/gcc/arm-none-eabi/14.3.1/../../../../arm-none-eabi/lib/thumb/v7e-m+fp/hard/libg_nano.a(libc_a-mlock.o)
 .ARM.attributes
                0x00000920       0x34 /home/administrator/snap/code/219/.local/share/stm32cube/bundles/gnu-tools-for-stm32/14.3.1+st.2/bin/../lib/gcc/arm-none-eabi/14.3.1/../../../../arm-none-eabi/lib/thumb/v7e-m+fp/hard/libg_nano.a(libc_a-mprec.o)
 .ARM.attributes
                0x00000954       0x34 /home/administrator/snap/code/219/.local/share/stm32cube/bundles/gnu-tools-for-stm32/14.3.1+st.2/bin/../lib/gcc/arm-none-eabi/14.3.1/../../../../arm-none-eabi/lib/thumb/v7e-m+fp/hard/libg_nano.a(libc_a-nano-svfprintf.o)
 .ARM.attributes
                0x00000988       0x34 /home/administrator/snap/code/219/.local/share/stm32cube/bundles/gnu-tools-for-stm32/14.3.1+st.2/bin/../lib/gcc/arm-none-eabi/14.3.1/../../../../arm-none-eabi/lib/thumb/v7e-m+fp/hard/libg_nano.a(libc_a-fflush.o)
 .ARM.attributes
                0x000009bc       0x34 /home/administrator/snap/code/219/.local/share/stm32cube/bundles/gnu-tools-for-stm32/14.3.1+st.2/bin/../lib/gcc/arm-none-eabi/14.3.1/../../../../arm-none-eabi/lib/thumb/v7e-m+fp/hard/libg_nano.a(libc_a-memmove.o)
 .ARM.attributes
                0x000009f0       0x34 /home/administrator/snap/code/219/.local/share/stm32cube/bundles/gnu-tools-for-stm32/14.3.1+st.2/bin/../lib/gcc/arm-none-eabi/14.3.1/../../../../arm-none-eabi/lib/thumb/v7e-m+fp/hard/libg_nano.a(libc_a-locale.o)
 .ARM.attributes
                0x00000a24       0x34 /home/administrator/snap/code/219/.local/share/stm32cube/bundles/gnu-tools-for-stm32/14.3.1+st.2/bin/../lib/gcc/arm-none-eabi/14.3.1/../../../../arm-none-eabi/lib/thumb/v7e-m+fp/hard/libg_nano.a(libc_a-sbrkr.o)
 .ARM.attributes
                0x00000a58       0x34 /home/administrator/snap/code/219/.local/share/stm32cube/bundles/gnu-tools-for-stm32/14.3.1+st.2/bin/../lib/gcc/arm-none-eabi/14.3.1/../../../../arm-none-eabi/lib/thumb/v7e-m+fp/hard/libg_nano.a(libc_a-memcpy-stub.o)
 .ARM.attributes
                0x00000a8c       0x34 /home/administrator/snap/code/219/.local/share/stm32cube/bundles/gnu-tools-for-stm32/14.3.1+st.2/bin/../lib/gcc/arm-none-eabi/14.3.1/../../../../arm-none-eabi/lib/thumb/v7e-m+fp/hard/libg_nano.a(libc_a-assert.o)
 .ARM.attributes
                0x00000ac0       0x34 /home/administrator/snap/code/219/.local/share/stm32cube/bundles/gnu-tools-for-stm32/14.3.1+st.2/bin/../lib/gcc/arm-none-eabi/14.3.1/../../../../arm-none-eabi/lib/thumb/v7e-m+fp/hard/libg_nano.a(libc_a-callocr.o)
 .ARM.attributes
                0x00000af4       0x34 /home/administrator/snap/code/219/.local/share/stm32cube/bundles/gnu-tools-for-stm32/14.3.1+st.2/bin/../lib/gcc/arm-none-eabi/14.3.1/../../../../arm-none-eabi/lib/thumb/v7e-m+fp/hard/libg_nano.a(libc_a-mbtowc_r.o)
 .ARM.attributes
                0x00000b28       0x34 /home/administrator/snap/code/219/.local/share/stm32cube/bundles/gnu-tools-for-stm32/14.3.1+st.2/bin/../lib/gcc/arm-none-eabi/14.3.1/../../../../arm-none-eabi/lib/thumb/v7e-m+fp/hard/libg_nano.a(libc_a-reallocr.o)
 .ARM.attributes
                0x00000b5c       0x34 /home/administrator/snap/code/219/.local/share/stm32cube/bundles/gnu-tools-for-stm32/14.3.1+st.2/bin/../lib/gcc/arm-none-eabi/14.3.1/../../../../arm-none-eabi/lib/thumb/v7e-m+fp/hard/libg_nano.a(libc_a-wctomb_r.o)
 .ARM.attributes